Archive member included because of file (symbol)

e:/freescale/kds_3.0.0/toolchain/bin/../lib/gcc/arm-none-eabi/4.8.4/../../../../arm-none-eabi/lib/armv7e-m/fpu\libg_s.a(lib_a-exit.o)
                              e:/freescale/kds_3.0.0/toolchain/bin/../lib/gcc/arm-none-eabi/4.8.4/../../../../arm-none-eabi/lib/armv7e-m/fpu/crt0.o (exit)
e:/freescale/kds_3.0.0/toolchain/bin/../lib/gcc/arm-none-eabi/4.8.4/../../../../arm-none-eabi/lib/armv7e-m/fpu\libg_s.a(lib_a-impure.o)
                              e:/freescale/kds_3.0.0/toolchain/bin/../lib/gcc/arm-none-eabi/4.8.4/../../../../arm-none-eabi/lib/armv7e-m/fpu\libg_s.a(lib_a-exit.o) (_global_impure_ptr)
e:/freescale/kds_3.0.0/toolchain/bin/../lib/gcc/arm-none-eabi/4.8.4/../../../../arm-none-eabi/lib/armv7e-m/fpu\libg_s.a(lib_a-init.o)
                              e:/freescale/kds_3.0.0/toolchain/bin/../lib/gcc/arm-none-eabi/4.8.4/../../../../arm-none-eabi/lib/armv7e-m/fpu/crt0.o (__libc_init_array)
e:/freescale/kds_3.0.0/toolchain/bin/../lib/gcc/arm-none-eabi/4.8.4/../../../../arm-none-eabi/lib/armv7e-m/fpu\libg_s.a(lib_a-memset.o)
                              e:/freescale/kds_3.0.0/toolchain/bin/../lib/gcc/arm-none-eabi/4.8.4/../../../../arm-none-eabi/lib/armv7e-m/fpu/crt0.o (memset)
e:/freescale/kds_3.0.0/toolchain/bin/../lib/gcc/arm-none-eabi/4.8.4/../../../../arm-none-eabi/lib/armv7e-m/fpu\libnosys.a(_exit.o)
                              e:/freescale/kds_3.0.0/toolchain/bin/../lib/gcc/arm-none-eabi/4.8.4/../../../../arm-none-eabi/lib/armv7e-m/fpu\libg_s.a(lib_a-exit.o) (_exit)

Allocating common symbols
Common symbol       size              file

ASerialLdd1_DeviceDataPtr
                    0x4               ./Generated_Code/RC.o
SR_reg              0x1               ./Static_Code/System/CPU_Init.o

Discarded input sections

 .text          0x00000000        0x0 e:/freescale/kds_3.0.0/toolchain/bin/../lib/gcc/arm-none-eabi/4.8.4/armv7e-m/fpu/crti.o
 .data          0x00000000        0x0 e:/freescale/kds_3.0.0/toolchain/bin/../lib/gcc/arm-none-eabi/4.8.4/armv7e-m/fpu/crti.o
 .bss           0x00000000        0x0 e:/freescale/kds_3.0.0/toolchain/bin/../lib/gcc/arm-none-eabi/4.8.4/armv7e-m/fpu/crti.o
 .data          0x00000000        0x4 e:/freescale/kds_3.0.0/toolchain/bin/../lib/gcc/arm-none-eabi/4.8.4/armv7e-m/fpu/crtbegin.o
 .data          0x00000000        0x0 e:/freescale/kds_3.0.0/toolchain/bin/../lib/gcc/arm-none-eabi/4.8.4/../../../../arm-none-eabi/lib/armv7e-m/fpu/crt0.o
 .bss           0x00000000        0x0 e:/freescale/kds_3.0.0/toolchain/bin/../lib/gcc/arm-none-eabi/4.8.4/../../../../arm-none-eabi/lib/armv7e-m/fpu/crt0.o
 .ARM.extab     0x00000000        0x0 e:/freescale/kds_3.0.0/toolchain/bin/../lib/gcc/arm-none-eabi/4.8.4/../../../../arm-none-eabi/lib/armv7e-m/fpu/crt0.o
 .group         0x00000000        0x8 ./Static_Code/System/CPU_Init.o
 .group         0x00000000        0x8 ./Static_Code/System/CPU_Init.o
 .group         0x00000000        0x8 ./Static_Code/System/CPU_Init.o
 .group         0x00000000        0x8 ./Static_Code/System/CPU_Init.o
 .group         0x00000000        0x8 ./Static_Code/System/CPU_Init.o
 .group         0x00000000        0x8 ./Static_Code/System/CPU_Init.o
 .group         0x00000000        0x8 ./Static_Code/System/CPU_Init.o
 .group         0x00000000        0x8 ./Static_Code/System/CPU_Init.o
 .group         0x00000000        0x8 ./Static_Code/System/CPU_Init.o
 .group         0x00000000        0x8 ./Static_Code/System/CPU_Init.o
 .group         0x00000000        0x8 ./Static_Code/System/CPU_Init.o
 .group         0x00000000        0x8 ./Static_Code/System/CPU_Init.o
 .group         0x00000000        0x8 ./Static_Code/System/CPU_Init.o
 .group         0x00000000        0x8 ./Static_Code/System/CPU_Init.o
 .group         0x00000000        0x8 ./Static_Code/System/CPU_Init.o
 .group         0x00000000        0x8 ./Static_Code/System/CPU_Init.o
 .group         0x00000000        0x8 ./Static_Code/System/CPU_Init.o
 .group         0x00000000        0x8 ./Static_Code/System/CPU_Init.o
 .group         0x00000000        0x8 ./Static_Code/System/CPU_Init.o
 .group         0x00000000        0x8 ./Static_Code/System/CPU_Init.o
 .group         0x00000000        0x8 ./Static_Code/System/CPU_Init.o
 .group         0x00000000        0x8 ./Static_Code/System/CPU_Init.o
 .group         0x00000000        0x8 ./Static_Code/System/CPU_Init.o
 .group         0x00000000        0x8 ./Static_Code/System/CPU_Init.o
 .group         0x00000000        0x8 ./Static_Code/System/CPU_Init.o
 .group         0x00000000        0x8 ./Static_Code/System/CPU_Init.o
 .group         0x00000000        0x8 ./Static_Code/System/CPU_Init.o
 .group         0x00000000        0x8 ./Static_Code/System/CPU_Init.o
 .text          0x00000000        0x0 ./Static_Code/System/CPU_Init.o
 .data          0x00000000        0x0 ./Static_Code/System/CPU_Init.o
 .bss           0x00000000        0x0 ./Static_Code/System/CPU_Init.o
 .bss.ClockConfigurationID
[...]
Memory Configuration

Name             Origin             Length             Attributes
m_interrupts     0x00000000         0x00000198         xr
m_text           0x00000410         0x000ffbf0         xr
m_data_1FFF0000  0x1fff0000         0x00010000         rw
m_data           0x20000000         0x00030000         rw
m_cfmprotrom     0x00000400         0x00000010         xr
*default*        0x00000000         0xffffffff

Linker script and memory map

LOAD e:/freescale/kds_3.0.0/toolchain/bin/../lib/gcc/arm-none-eabi/4.8.4/armv7e-m/fpu/crti.o
LOAD e:/freescale/kds_3.0.0/toolchain/bin/../lib/gcc/arm-none-eabi/4.8.4/armv7e-m/fpu/crtbegin.o
LOAD e:/freescale/kds_3.0.0/toolchain/bin/../lib/gcc/arm-none-eabi/4.8.4/../../../../arm-none-eabi/lib/armv7e-m/fpu/crt0.o
LOAD ./Static_Code/System/CPU_Init.o
LOAD ./Static_Code/System/Peripherals_Init.o
LOAD ./Static_Code/System/Vectors.o
LOAD ./Static_Code/Peripherals/UART0_Init.o
LOAD ./Sources/Events.o
LOAD ./Sources/dj6.o
LOAD ./Sources/main.o
LOAD ./Project_Settings/Startup_Code/startup.o
LOAD ./Generated_Code/ASerialLdd1.o
LOAD ./Generated_Code/Cpu.o
LOAD ./Generated_Code/FMSTR1.o
LOAD ./Generated_Code/PE_LDD.o
LOAD ./Generated_Code/Pins1.o
LOAD ./Generated_Code/RC.o
LOAD ./Generated_Code/TU1.o
LOAD ./Generated_Code/TimeOutInt.o
LOAD ./Generated_Code/TimerIntLdd1.o
LOAD ./Generated_Code/freemaster_tsa_table.o
LOAD ./FreeMASTER/src_platforms/Kxx/freemaster_Kxx.o
LOAD ./FreeMASTER/src_common/freemaster_appcmd.o
LOAD ./FreeMASTER/src_common/freemaster_bdm.o
LOAD ./FreeMASTER/src_common/freemaster_can.o
LOAD ./FreeMASTER/src_common/freemaster_pipes.o
LOAD ./FreeMASTER/src_common/freemaster_protocol.o
LOAD ./FreeMASTER/src_common/freemaster_rec.o
LOAD ./FreeMASTER/src_common/freemaster_scope.o
LOAD ./FreeMASTER/src_common/freemaster_serial.o
LOAD ./FreeMASTER/src_common/freemaster_sfio.o
LOAD ./FreeMASTER/src_common/freemaster_tsa.o
LOAD e:/freescale/kds_3.0.0/toolchain/bin/../lib/gcc/arm-none-eabi/4.8.4/../../../../arm-none-eabi/lib/armv7e-m/fpu\libstdc++_s.a
LOAD e:/freescale/kds_3.0.0/toolchain/bin/../lib/gcc/arm-none-eabi/4.8.4/../../../../arm-none-eabi/lib/armv7e-m/fpu\libm.a
START GROUP
LOAD e:/freescale/kds_3.0.0/toolchain/bin/../lib/gcc/arm-none-eabi/4.8.4/armv7e-m/fpu\libgcc.a
LOAD e:/freescale/kds_3.0.0/toolchain/bin/../lib/gcc/arm-none-eabi/4.8.4/../../../../arm-none-eabi/lib/armv7e-m/fpu\libg_s.a
LOAD e:/freescale/kds_3.0.0/toolchain/bin/../lib/gcc/arm-none-eabi/4.8.4/../../../../arm-none-eabi/lib/armv7e-m/fpu\libc_s.a
END GROUP
START GROUP
LOAD e:/freescale/kds_3.0.0/toolchain/bin/../lib/gcc/arm-none-eabi/4.8.4/armv7e-m/fpu\libgcc.a
LOAD e:/freescale/kds_3.0.0/toolchain/bin/../lib/gcc/arm-none-eabi/4.8.4/../../../../arm-none-eabi/lib/armv7e-m/fpu\libc_s.a
LOAD e:/freescale/kds_3.0.0/toolchain/bin/../lib/gcc/arm-none-eabi/4.8.4/../../../../arm-none-eabi/lib/armv7e-m/fpu\libnosys.a
END GROUP
START GROUP
LOAD e:/freescale/kds_3.0.0/toolchain/bin/../lib/gcc/arm-none-eabi/4.8.4/armv7e-m/fpu\libgcc.a
LOAD e:/freescale/kds_3.0.0/toolchain/bin/../lib/gcc/arm-none-eabi/4.8.4/../../../../arm-none-eabi/lib/armv7e-m/fpu\libc_s.a
LOAD e:/freescale/kds_3.0.0/toolchain/bin/../lib/gcc/arm-none-eabi/4.8.4/../../../../arm-none-eabi/lib/armv7e-m/fpu\libnosys.a
END GROUP
LOAD e:/freescale/kds_3.0.0/toolchain/bin/../lib/gcc/arm-none-eabi/4.8.4/armv7e-m/fpu/crtend.o
LOAD e:/freescale/kds_3.0.0/toolchain/bin/../lib/gcc/arm-none-eabi/4.8.4/armv7e-m/fpu/crtn.o
                0x20030000                _estack = 0x20030000
                0x20030000                __SP_INIT = _estack
                0x20030000                __stack = _estack
                0x00000000                __heap_size = 0x0
                0x00000400                __stack_size = 0x400

.interrupts     0x00000000      0x198
                0x00000000                __vector_table = .
                0x00000000                . = ALIGN (0x4)
 *(.vectortable)
 .vectortable   0x00000000      0x198 ./Static_Code/System/Vectors.o
                0x00000000                __vect_table
                0x00000198                . = ALIGN (0x4)

.cfmprotect     0x00000400        0x0
                0x00000400                . = ALIGN (0x4)
 *(.cfmconfig)
                0x00000400                . = ALIGN (0x4)

.text           0x00000410     0x211c
                0x00000410                . = ALIGN (0x4)
 *(.text)
 .text          0x00000410       0x54 e:/freescale/kds_3.0.0/toolchain/bin/../lib/gcc/arm-none-eabi/4.8.4/armv7e-m/fpu/crtbegin.o
 .text          0x00000464       0x74 e:/freescale/kds_3.0.0/toolchain/bin/../lib/gcc/arm-none-eabi/4.8.4/../../../../arm-none-eabi/lib/armv7e-m/fpu/crt0.o
                0x00000464                _start
                0x00000464                _mainCRTStartup
 *(.text*)
 .text.CPU_SetBASEPRI
                0x000004d8       0x18 ./Static_Code/System/CPU_Init.o
                0x000004d8                CPU_SetBASEPRI
 .text.__init_hardware
                0x000004f0       0xdc ./Static_Code/System/CPU_Init.o
                0x000004f0                __init_hardware
 .text.PE_low_level_init
                0x000005cc       0x18 ./Static_Code/System/CPU_Init.o
                0x000005cc                PE_low_level_init
 .text.CPU_GetClockGenMode
                0x000005e4       0x90 ./Static_Code/System/CPU_Init.o
                0x000005e4                CPU_GetClockGenMode
 .text.CPU_SetClockConfigGenMode
                0x00000674      0x54c ./Static_Code/System/CPU_Init.o
                0x00000674                CPU_SetClockConfigGenMode
 .text.Peripherals_Init
                0x00000bc0        0xc ./Static_Code/System/Peripherals_Init.o
                0x00000bc0                Peripherals_Init
 .text.UnhandledInterrupt
                0x00000bcc       0x18 ./Static_Code/System/Vectors.o
                0x00000bcc                UnhandledInterrupt
 .text.UART0_Init
                0x00000be4       0xc4 ./Static_Code/Peripherals/UART0_Init.o
                0x00000be4                UART0_Init
 .text.Cpu_OnNMI
                0x00000ca8        0xc ./Sources/Events.o
                0x00000ca8                Cpu_OnNMI
 .text.RC_OnError
                0x00000cb4        0xc ./Sources/Events.o
                0x00000cb4                RC_OnError
 .text.RC_OnRxChar
                0x00000cc0       0x58 ./Sources/Events.o
                0x00000cc0                RC_OnRxChar
 .text.RC_OnTxChar
                0x00000d18        0xc ./Sources/Events.o
                0x00000d18                RC_OnTxChar
 .text.RC_OnFullRxBuf
                0x00000d24        0xc ./Sources/Events.o
                0x00000d24                RC_OnFullRxBuf
 .text.TimeOutInt_OnInterrupt
                0x00000d30       0x1c ./Sources/Events.o
                0x00000d30                TimeOutInt_OnInterrupt
 .text.DJ6_parse_data
                0x00000d4c      0x1a0 ./Sources/dj6.o
                0x00000d4c                DJ6_parse_data
 .text.main     0x00000eec       0x10 ./Sources/main.o
                0x00000eec                main
 .text.__copy_rom_section
                0x00000efc       0xe4 ./Project_Settings/Startup_Code/startup.o
                0x00000efc                __copy_rom_section
 .text.__copy_rom_sections_to_ram
                0x00000fe0       0x9c ./Project_Settings/Startup_Code/startup.o
                0x00000fe0                __copy_rom_sections_to_ram
 .text.__init_registers
                0x0000107c       0x20 ./Project_Settings/Startup_Code/startup.o
                0x0000107c                __init_registers
 .text.__init_user
                0x0000109c        0xc ./Project_Settings/Startup_Code/startup.o
                0x0000109c                __init_user
 .text.__thumb_startup
                0x000010a8       0x34 ./Project_Settings/Startup_Code/startup.o
                0x000010a8                __thumb_startup
 .text.ASerialLdd1_Init
                0x000010dc      0x1d8 ./Generated_Code/ASerialLdd1.o
                0x000010dc                ASerialLdd1_Init
 .text.ASerialLdd1_ReceiveBlock
                0x000012b4       0x90 ./Generated_Code/ASerialLdd1.o
                0x000012b4                ASerialLdd1_ReceiveBlock
 .text.InterruptRx
                0x00001344       0x58 ./Generated_Code/ASerialLdd1.o
 .text.InterruptTx
                0x0000139c       0x80 ./Generated_Code/ASerialLdd1.o
 .text.ASerialLdd1_Interrupt
                0x0000141c       0xf4 ./Generated_Code/ASerialLdd1.o
                0x0000141c                ASerialLdd1_Interrupt
 .text.ASerialLdd1_GetError
                0x00001510       0x70 ./Generated_Code/ASerialLdd1.o
                0x00001510                ASerialLdd1_GetError
 .text.Common_Init
                0x00001580       0xb0 ./Generated_Code/Cpu.o
                0x00001580                Common_Init
 .text.Components_Init
                0x00001630       0x14 ./Generated_Code/Cpu.o
                0x00001630                Components_Init
 .text.Cpu_INT_NMIInterrupt
                0x00001644       0x1c ./Generated_Code/Cpu.o
                0x00001644                Cpu_INT_NMIInterrupt
 .text.HWEnDi   0x00001660       0x1c ./Generated_Code/RC.o
 .text.RC_RecvChar
                0x0000167c       0xd8 ./Generated_Code/RC.o
                0x0000167c                RC_RecvChar
 .text.RC_RecvBlock
                0x00001754       0x5c ./Generated_Code/RC.o
                0x00001754                RC_RecvBlock
 .text.RC_ClearRxBuf
                0x000017b0       0x78 ./Generated_Code/RC.o
                0x000017b0                RC_ClearRxBuf
 .text.RC_GetCharsInRxBuf
                0x00001828       0x18 ./Generated_Code/RC.o
                0x00001828                RC_GetCharsInRxBuf
 .text.RC_Init  0x00001840       0x44 ./Generated_Code/RC.o
                0x00001840                RC_Init
 .text.ASerialLdd1_OnBlockReceived
                0x00001884       0xc4 ./Generated_Code/RC.o
                0x00001884                ASerialLdd1_OnBlockReceived
 .text.ASerialLdd1_OnBlockSent
                0x00001948       0x48 ./Generated_Code/RC.o
                0x00001948                ASerialLdd1_OnBlockSent
 .text.ASerialLdd1_OnError
                0x00001990       0x9c ./Generated_Code/RC.o
                0x00001990                ASerialLdd1_OnError
 .text.ASerialLdd1_OnBreak
                0x00001a2c       0x24 ./Generated_Code/RC.o
                0x00001a2c                ASerialLdd1_OnBreak
 .text.TU1_Init
                0x00001a50       0xf8 ./Generated_Code/TU1.o
                0x00001a50                TU1_Init
 .text.TU1_Interrupt
                0x00001b48       0x6c ./Generated_Code/TU1.o
                0x00001b48                TU1_Interrupt
 .text.TimerIntLdd1_OnInterrupt
                0x00001bb4       0x14 ./Generated_Code/TimeOutInt.o
                0x00001bb4                TimerIntLdd1_OnInterrupt
 .text.TimerIntLdd1_Init
                0x00001bc8       0x50 ./Generated_Code/TimerIntLdd1.o
                0x00001bc8                TimerIntLdd1_Init
 .text.TU1_OnCounterRestart
                0x00001c18       0x24 ./Generated_Code/TimerIntLdd1.o
                0x00001c18                TU1_OnCounterRestart
 .text.FMSTR_CopyToBuffer
                0x00001c3c       0x40 ./FreeMASTER/src_platforms/Kxx/freemaster_Kxx.o
                0x00001c3c                FMSTR_CopyToBuffer
 .text.FMSTR_CopyFromBuffer
                0x00001c7c       0x40 ./FreeMASTER/src_platforms/Kxx/freemaster_Kxx.o
                0x00001c7c                FMSTR_CopyFromBuffer
 .text.FMSTR_CopyFromBufferWithMask
                0x00001cbc       0x74 ./FreeMASTER/src_platforms/Kxx/freemaster_Kxx.o
                0x00001cbc                FMSTR_CopyFromBufferWithMask
 .text.FMSTR_SetExAddr
                0x00001d30       0x20 ./FreeMASTER/src_platforms/Kxx/freemaster_Kxx.o
                0x00001d30                FMSTR_SetExAddr
 .text.FMSTR_AddressFromBuffer
                0x00001d50       0x3c ./FreeMASTER/src_platforms/Kxx/freemaster_Kxx.o
                0x00001d50                FMSTR_AddressFromBuffer
 .text.FMSTR_Init
                0x00001d8c       0x18 ./FreeMASTER/src_common/freemaster_protocol.o
                0x00001d8c                FMSTR_Init
 .text.FMSTR_ProtocolDecoder
                0x00001da4       0xa0 ./FreeMASTER/src_common/freemaster_protocol.o
                0x00001da4                FMSTR_ProtocolDecoder
 .text.FMSTR_GetBoardInfo
                0x00001e44       0x70 ./FreeMASTER/src_common/freemaster_protocol.o
                0x00001e44                FMSTR_GetBoardInfo
 .text.FMSTR_ReadMem
                0x00001eb4       0x64 ./FreeMASTER/src_common/freemaster_protocol.o
                0x00001eb4                FMSTR_ReadMem
 .text.FMSTR_WriteMem
                0x00001f18       0x50 ./FreeMASTER/src_common/freemaster_protocol.o
                0x00001f18                FMSTR_WriteMem
 .text.FMSTR_WriteMemMask
                0x00001f68       0x50 ./FreeMASTER/src_common/freemaster_protocol.o
                0x00001f68                FMSTR_WriteMemMask
 .text.FMSTR_RxDequeue
                0x00001fb8       0x68 ./FreeMASTER/src_common/freemaster_serial.o
 .text.FMSTR_Listen
                0x00002020       0x74 ./FreeMASTER/src_common/freemaster_serial.o
 .text.FMSTR_SendError
                0x00002094       0x24 ./FreeMASTER/src_common/freemaster_serial.o
 .text.FMSTR_SendResponse
                0x000020b8       0xf8 ./FreeMASTER/src_common/freemaster_serial.o
                0x000020b8                FMSTR_SendResponse
 .text.FMSTR_Rx
                0x000021b0      0x17c ./FreeMASTER/src_common/freemaster_serial.o
                0x000021b0                FMSTR_Rx
 .text.FMSTR_InitSerial
                0x0000232c       0x50 ./FreeMASTER/src_common/freemaster_serial.o
                0x0000232c                FMSTR_InitSerial
 .text.FMSTR_Poll
                0x0000237c        0xc ./FreeMASTER/src_common/freemaster_serial.o
                0x0000237c                FMSTR_Poll
 .text.exit     0x00002388       0x28 e:/freescale/kds_3.0.0/toolchain/bin/../lib/gcc/arm-none-eabi/4.8.4/../../../../arm-none-eabi/lib/armv7e-m/fpu\libg_s.a(lib_a-exit.o)
                0x00002388                exit
 .text.__libc_init_array
                0x000023b0       0x4c e:/freescale/kds_3.0.0/toolchain/bin/../lib/gcc/arm-none-eabi/4.8.4/../../../../arm-none-eabi/lib/armv7e-m/fpu\libg_s.a(lib_a-init.o)
                0x000023b0                __libc_init_array
 .text.memset   0x000023fc       0x10 e:/freescale/kds_3.0.0/toolchain/bin/../lib/gcc/arm-none-eabi/4.8.4/../../../../arm-none-eabi/lib/armv7e-m/fpu\libg_s.a(lib_a-memset.o)
                0x000023fc                memset
 .text._exit    0x0000240c        0x4 e:/freescale/kds_3.0.0/toolchain/bin/../lib/gcc/arm-none-eabi/4.8.4/../../../../arm-none-eabi/lib/armv7e-m/fpu\libnosys.a(_exit.o)
                0x0000240c                _exit
 *(.rodata)
 *(.rodata*)
 .rodata.ClockGenModeMatrix
                0x00002410       0x80 ./Static_Code/System/CPU_Init.o
 .rodata.CPU_ClockConfigDescriptors
                0x00002490       0x1c ./Static_Code/System/CPU_Init.o
 .rodata.CPU_DefaultFEI
                0x000024ac        0x8 ./Static_Code/System/CPU_Init.o
 .rodata.CPU_DefaultFBI
                0x000024b4        0x8 ./Static_Code/System/CPU_Init.o
 .rodata.CPU_DefaultBLPI
                0x000024bc        0x8 ./Static_Code/System/CPU_Init.o
 .rodata.CPU_DefaultFEE
                0x000024c4        0x8 ./Static_Code/System/CPU_Init.o
 .rodata.CPU_DefaultFBE
                0x000024cc        0x8 ./Static_Code/System/CPU_Init.o
 .rodata.CPU_DefaultBLPE
                0x000024d4        0x8 ./Static_Code/System/CPU_Init.o
 .rodata.CPU_DefaultPBE
                0x000024dc        0x8 ./Static_Code/System/CPU_Init.o
 .rodata.CPU_DefaultPEE
                0x000024e4        0x8 ./Static_Code/System/CPU_Init.o
 .rodata.CPU_ClockGenModeRegs
                0x000024ec       0x20 ./Static_Code/System/CPU_Init.o
 .rodata.str1.1
                0x0000250c        0x2 e:/freescale/kds_3.0.0/toolchain/bin/../lib/gcc/arm-none-eabi/4.8.4/../../../../arm-none-eabi/lib/armv7e-m/fpu\libg_s.a(lib_a-impure.o)
 *fill*         0x0000250e        0x2 
 .rodata._global_impure_ptr
                0x00002510        0x4 e:/freescale/kds_3.0.0/toolchain/bin/../lib/gcc/arm-none-eabi/4.8.4/../../../../arm-none-eabi/lib/armv7e-m/fpu\libg_s.a(lib_a-impure.o)
                0x00002510                _global_impure_ptr
 *(.glue_7)
 .glue_7        0x00000000        0x0 linker stubs
 *(.glue_7t)
 .glue_7t       0x00000000        0x0 linker stubs
 *(.eh_frame)
 .eh_frame      0x00002514        0x0 e:/freescale/kds_3.0.0/toolchain/bin/../lib/gcc/arm-none-eabi/4.8.4/armv7e-m/fpu/crtbegin.o
 *(.init)
 .init          0x00002514        0x4 e:/freescale/kds_3.0.0/toolchain/bin/../lib/gcc/arm-none-eabi/4.8.4/armv7e-m/fpu/crti.o
                0x00002514                _init
 .init          0x00002518        0x8 e:/freescale/kds_3.0.0/toolchain/bin/../lib/gcc/arm-none-eabi/4.8.4/armv7e-m/fpu/crtn.o
 *(.fini)
 .fini          0x00002520        0x4 e:/freescale/kds_3.0.0/toolchain/bin/../lib/gcc/arm-none-eabi/4.8.4/armv7e-m/fpu/crti.o
                0x00002520                _fini
 .fini          0x00002524        0x8 e:/freescale/kds_3.0.0/toolchain/bin/../lib/gcc/arm-none-eabi/4.8.4/armv7e-m/fpu/crtn.o
                0x0000252c                . = ALIGN (0x4)
                0x0000252c                _etext = .

.vfp11_veneer   0x0000252c        0x0
 .vfp11_veneer  0x00000000        0x0 linker stubs

.v4_bx          0x0000252c        0x0
 .v4_bx         0x00000000        0x0 linker stubs

.iplt           0x0000252c        0x0
 .iplt          0x00000000        0x0 e:/freescale/kds_3.0.0/toolchain/bin/../lib/gcc/arm-none-eabi/4.8.4/armv7e-m/fpu/crtbegin.o

.ARM.extab
 *(.ARM.extab* .gnu.linkonce.armextab.*)

.ARM            0x0000252c        0x8
                0x0000252c                __exidx_start = .
 *(.ARM.exidx*)
 .ARM.exidx     0x0000252c        0x8 e:/freescale/kds_3.0.0/toolchain/bin/../lib/gcc/arm-none-eabi/4.8.4/../../../../arm-none-eabi/lib/armv7e-m/fpu/crt0.o
                0x00002534                __exidx_end = .

.rel.dyn        0x00002534        0x0
 .rel.iplt      0x00000000        0x0 e:/freescale/kds_3.0.0/toolchain/bin/../lib/gcc/arm-none-eabi/4.8.4/armv7e-m/fpu/crtbegin.o

.ctors          0x00002534        0x0
                0x00002534                __CTOR_LIST__ = .
 *crtbegin.o(.ctors)
 *(EXCLUDE_FILE(*crtend.o) .ctors)
 *(SORT(.ctors.*))
 *(.ctors)
                0x00002534                __CTOR_END__ = .

.dtors          0x00002534        0x0
                0x00002534                __DTOR_LIST__ = .
 *crtbegin.o(.dtors)
 *(EXCLUDE_FILE(*crtend.o) .dtors)
 *(SORT(.dtors.*))
 *(.dtors)
                0x00002534                __DTOR_END__ = .

.preinit_array  0x00002534        0x0
                0x00002534                PROVIDE (__preinit_array_start, .)
 *(.preinit_array*)
                0x00002534                PROVIDE (__preinit_array_end, .)

.init_array     0x00002534        0x4
                0x00002534                PROVIDE (__init_array_start, .)
 *(SORT(.init_array.*))
 *(.init_array*)
 .init_array    0x00002534        0x4 e:/freescale/kds_3.0.0/toolchain/bin/../lib/gcc/arm-none-eabi/4.8.4/armv7e-m/fpu/crtbegin.o
                0x00002538                PROVIDE (__init_array_end, .)

.fini_array     0x00002538        0x4
                0x00002538                PROVIDE (__fini_array_start, .)
 *(SORT(.fini_array.*))
 *(.fini_array*)
 .fini_array    0x00002538        0x4 e:/freescale/kds_3.0.0/toolchain/bin/../lib/gcc/arm-none-eabi/4.8.4/armv7e-m/fpu/crtbegin.o
                0x0000253c                PROVIDE (__fini_array_end, .)
                0x0000253c                ___ROM_AT = .

.data           0x20000000       0x60 load address 0x0000253c
                0x20000000                . = ALIGN (0x4)
                0x20000000                _sdata = .
 *(.data)
 *(.data*)
 .data.impure_data
                0x20000000       0x60 e:/freescale/kds_3.0.0/toolchain/bin/../lib/gcc/arm-none-eabi/4.8.4/../../../../arm-none-eabi/lib/armv7e-m/fpu\libg_s.a(lib_a-impure.o)
                0x20000060                . = ALIGN (0x4)
                0x20000060                _edata = .
                0x00000060                ___data_size = (_edata - _sdata)
                0x0000259c                ___m_data_1FFF0000_ROMStart = (___ROM_AT + SIZEOF (.data))

.jcr            0x20000060        0x0 load address 0x0000259c
 .jcr           0x20000060        0x0 e:/freescale/kds_3.0.0/toolchain/bin/../lib/gcc/arm-none-eabi/4.8.4/armv7e-m/fpu/crtbegin.o

.igot.plt       0x20000060        0x0 load address 0x0000259c
 .igot.plt      0x00000000        0x0 e:/freescale/kds_3.0.0/toolchain/bin/../lib/gcc/arm-none-eabi/4.8.4/armv7e-m/fpu/crtbegin.o

.m_data_1FFF0000
                0x1fff0000        0x0 load address 0x0000259c
                0x1fff0000                . = ALIGN (0x4)
                0x1fff0000                ___m_data_1FFF0000_RAMStart = .
 *(.m_data_1FFF0000)
                0x1fff0000                ___m_data_1FFF0000_RAMEnd = .
                0x1fff0000                . = ALIGN (0x4)
                0x00000000                ___m_data_1FFF0000_ROMSize = (___m_data_1FFF0000_RAMEnd - ___m_data_1FFF0000_RAMStart)
                0x1fff0000                . = ALIGN (0x4)

.bss            0x20000060      0x210 load address 0x0000259c
                0x20000060                __START_BSS = .
                0x20000060                PROVIDE (__bss_start__, __START_BSS)
 *(.bss)
 .bss           0x20000060       0x1c e:/freescale/kds_3.0.0/toolchain/bin/../lib/gcc/arm-none-eabi/4.8.4/armv7e-m/fpu/crtbegin.o
 *(.bss*)
 .bss.SR_lock   0x2000007c        0x1 ./Static_Code/System/CPU_Init.o
                0x2000007c                SR_lock
 *fill*         0x2000007d        0x3 
 .bss.g_pbRCTemp
                0x20000080       0x20 ./Sources/main.o
                0x20000080                g_pbRCTemp
 .bss.g_nRCTimeOutCount
                0x200000a0        0x2 ./Sources/main.o
                0x200000a0                g_nRCTimeOutCount
 .bss.g_n1msTimeCount
                0x200000a2        0x2 ./Sources/main.o
                0x200000a2                g_n1msTimeCount
 .bss.g_DJ6RCData
                0x200000a4       0x18 ./Sources/main.o
                0x200000a4                g_DJ6RCData
 .bss.DeviceDataPrv__DEFAULT_RTOS_ALLOC
                0x200000bc       0x20 ./Generated_Code/ASerialLdd1.o
 .bss.INT_UART4_RX_TX__DEFAULT_RTOS_ISRPARAM
                0x200000dc        0x4 ./Generated_Code/ASerialLdd1.o
 .bss.INT_UART4_ERR__DEFAULT_RTOS_ISRPARAM
                0x200000e0        0x4 ./Generated_Code/ASerialLdd1.o
 .bss.PE_LDD_DeviceDataList
                0x200000e4        0xc ./Generated_Code/PE_LDD.o
                0x200000e4                PE_LDD_DeviceDataList
 .bss.SerFlag   0x200000f0        0x2 ./Generated_Code/RC.o
 .bss.RC_InpLen
                0x200000f2        0x2 ./Generated_Code/RC.o
 .bss.InpIndexR
                0x200000f4        0x2 ./Generated_Code/RC.o
 .bss.InpIndexW
                0x200000f6        0x2 ./Generated_Code/RC.o
 .bss.InpBuffer
                0x200000f8      0x100 ./Generated_Code/RC.o
 .bss.BufferRead
                0x200001f8        0x1 ./Generated_Code/RC.o
 *fill*         0x200001f9        0x3 
 .bss.DeviceDataPrv__DEFAULT_RTOS_ALLOC
                0x200001fc        0xc ./Generated_Code/TU1.o
 .bss.INT_FTM0__DEFAULT_RTOS_ISRPARAM
                0x20000208        0x4 ./Generated_Code/TU1.o
 .bss.DeviceDataPrv__DEFAULT_RTOS_ALLOC
                0x2000020c        0xc ./Generated_Code/TimerIntLdd1.o
 .bss.pcm_bNextAddrIsEx
                0x20000218        0x1 ./FreeMASTER/src_platforms/Kxx/freemaster_Kxx.o
 *fill*         0x20000219        0x3 
 .bss.pcm_pCommBuffer
                0x2000021c       0x10 ./FreeMASTER/src_common/freemaster_serial.o
 .bss.pcm_wFlags
                0x2000022c        0x4 ./FreeMASTER/src_common/freemaster_serial.o
 .bss.pcm_nTxTodo
                0x20000230        0x1 ./FreeMASTER/src_common/freemaster_serial.o
 .bss.pcm_nRxTodo
                0x20000231        0x1 ./FreeMASTER/src_common/freemaster_serial.o
 *fill*         0x20000232        0x2 
 .bss.pcm_pTxBuff
                0x20000234        0x4 ./FreeMASTER/src_common/freemaster_serial.o
 .bss.pcm_pRxBuff
                0x20000238        0x4 ./FreeMASTER/src_common/freemaster_serial.o
 .bss.pcm_nRxCheckSum
                0x2000023c        0x1 ./FreeMASTER/src_common/freemaster_serial.o
 *fill*         0x2000023d        0x3 
 .bss.pcm_pRQueueBuffer
                0x20000240       0x20 ./FreeMASTER/src_common/freemaster_serial.o
 .bss.pcm_pRQueueRP
                0x20000260        0x4 ./FreeMASTER/src_common/freemaster_serial.o
 .bss.pcm_pRQueueWP
                0x20000264        0x4 ./FreeMASTER/src_common/freemaster_serial.o
 *(COMMON)
 COMMON         0x20000268        0x1 ./Static_Code/System/CPU_Init.o
                0x20000268                SR_reg
 *fill*         0x20000269        0x3 
 COMMON         0x2000026c        0x4 ./Generated_Code/RC.o
                0x2000026c                ASerialLdd1_DeviceDataPtr
                0x20000270                . = ALIGN (0x4)
                0x20000270                __END_BSS = .
                0x20000270                PROVIDE (__bss_end__, __END_BSS)
                0x0000259c                _romp_at = ((___ROM_AT + SIZEOF (.data)) + SIZEOF (.m_data_1FFF0000))

.romp           0x20000270       0x24 load address 0x0000259c
                0x0000259c                __S_romp = _romp_at
                0x20000270        0x4 LONG 0x253c ___ROM_AT
                0x20000274        0x4 LONG 0x20000000 _sdata
                0x20000278        0x4 LONG 0x60 ___data_size
                0x2000027c        0x4 LONG 0x259c ___m_data_1FFF0000_ROMStart
                0x20000280        0x4 LONG 0x1fff0000 ___m_data_1FFF0000_RAMStart
                0x20000284        0x4 LONG 0x0 ___m_data_1FFF0000_ROMSize
                0x20000288        0x4 LONG 0x0
                0x2000028c        0x4 LONG 0x0
                0x20000290        0x4 LONG 0x0

._user_heap_stack
                0x20000294      0x400 load address 0x000025c0
                0x20000294                . = ALIGN (0x4)
                0x20000294                PROVIDE (end, .)
                0x20000294                PROVIDE (_end, .)
                0x20000294                __heap_addr = .
                0x20000294                __HeapBase = .
                0x20000294                . = (. + __heap_size)
                0x20000294                __HeapLimit = .
                0x20000694                . = (. + __stack_size)
 *fill*         0x20000294      0x400 
                0x20000694                . = ALIGN (0x4)

.ARM.attributes
                0x00000000       0x30
 *(.ARM.attributes)
 .ARM.attributes
                0x00000000       0x22 e:/freescale/kds_3.0.0/toolchain/bin/../lib/gcc/arm-none-eabi/4.8.4/armv7e-m/fpu/crti.o
 .ARM.attributes
                0x00000022       0x34 e:/freescale/kds_3.0.0/toolchain/bin/../lib/gcc/arm-none-eabi/4.8.4/armv7e-m/fpu/crtbegin.o
 .ARM.attributes
                0x00000056       0x20 e:/freescale/kds_3.0.0/toolchain/bin/../lib/gcc/arm-none-eabi/4.8.4/../../../../arm-none-eabi/lib/armv7e-m/fpu/crt0.o
 .ARM.attributes
                0x00000076       0x39 ./Static_Code/System/CPU_Init.o
 .ARM.attributes
                0x000000af       0x39 ./Static_Code/System/Peripherals_Init.o
 .ARM.attributes
                0x000000e8       0x39 ./Static_Code/System/Vectors.o
 .ARM.attributes
                0x00000121       0x39 ./Static_Code/Peripherals/UART0_Init.o
 .ARM.attributes
                0x0000015a       0x39 ./Sources/Events.o
 .ARM.attributes
                0x00000193       0x39 ./Sources/dj6.o
 .ARM.attributes
                0x000001cc       0x39 ./Sources/main.o
 .ARM.attributes
                0x00000205       0x39 ./Project_Settings/Startup_Code/startup.o
 .ARM.attributes
                0x0000023e       0x39 ./Generated_Code/ASerialLdd1.o
 .ARM.attributes
                0x00000277       0x39 ./Generated_Code/Cpu.o
 .ARM.attributes
                0x000002b0       0x39 ./Generated_Code/PE_LDD.o
 .ARM.attributes
                0x000002e9       0x39 ./Generated_Code/RC.o
 .ARM.attributes
                0x00000322       0x39 ./Generated_Code/TU1.o
 .ARM.attributes
                0x0000035b       0x39 ./Generated_Code/TimeOutInt.o
 .ARM.attributes
                0x00000394       0x39 ./Generated_Code/TimerIntLdd1.o
 .ARM.attributes
                0x000003cd       0x39 ./FreeMASTER/src_platforms/Kxx/freemaster_Kxx.o
 .ARM.attributes
                0x00000406       0x39 ./FreeMASTER/src_common/freemaster_protocol.o
 .ARM.attributes
                0x0000043f       0x39 ./FreeMASTER/src_common/freemaster_serial.o
 .ARM.attributes
                0x00000478       0x34 e:/freescale/kds_3.0.0/toolchain/bin/../lib/gcc/arm-none-eabi/4.8.4/../../../../arm-none-eabi/lib/armv7e-m/fpu\libg_s.a(lib_a-exit.o)
 .ARM.attributes
                0x000004ac       0x34 e:/freescale/kds_3.0.0/toolchain/bin/../lib/gcc/arm-none-eabi/4.8.4/../../../../arm-none-eabi/lib/armv7e-m/fpu\libg_s.a(lib_a-impure.o)
 .ARM.attributes
                0x000004e0       0x34 e:/freescale/kds_3.0.0/toolchain/bin/../lib/gcc/arm-none-eabi/4.8.4/../../../../arm-none-eabi/lib/armv7e-m/fpu\libg_s.a(lib_a-init.o)
 .ARM.attributes
                0x00000514       0x34 e:/freescale/kds_3.0.0/toolchain/bin/../lib/gcc/arm-none-eabi/4.8.4/../../../../arm-none-eabi/lib/armv7e-m/fpu\libg_s.a(lib_a-memset.o)
 .ARM.attributes
                0x00000548       0x34 e:/freescale/kds_3.0.0/toolchain/bin/../lib/gcc/arm-none-eabi/4.8.4/../../../../arm-none-eabi/lib/armv7e-m/fpu\libnosys.a(_exit.o)
 .ARM.attributes
                0x0000057c       0x22 e:/freescale/kds_3.0.0/toolchain/bin/../lib/gcc/arm-none-eabi/4.8.4/armv7e-m/fpu/crtn.o
OUTPUT(robit_drone_rc.elf elf32-littlearm)

.debug_info     0x00000000     0x484d
 .debug_info    0x00000000      0xb38 ./Static_Code/System/CPU_Init.o
 .debug_info    0x00000b38       0x92 ./Static_Code/System/Peripherals_Init.o
 .debug_info    0x00000bca      0x822 ./Static_Code/System/Vectors.o
 .debug_info    0x000013ec      0x28d ./Static_Code/Peripherals/UART0_Init.o
 .debug_info    0x00001679      0x1c1 ./Sources/Events.o
 .debug_info    0x0000183a      0x14e ./Sources/dj6.o
 .debug_info    0x00001988      0x17c ./Sources/main.o
 .debug_info    0x00001b04      0x3b0 ./Project_Settings/Startup_Code/startup.o
 .debug_info    0x00001eb4      0x9dc ./Generated_Code/ASerialLdd1.o
 .debug_info    0x00002890      0x4a6 ./Generated_Code/Cpu.o
 .debug_info    0x00002d36      0x251 ./Generated_Code/PE_LDD.o
 .debug_info    0x00002f87      0x3f7 ./Generated_Code/RC.o
 .debug_info    0x0000337e      0x647 ./Generated_Code/TU1.o
 .debug_info    0x000039c5       0xb2 ./Generated_Code/TimeOutInt.o
 .debug_info    0x00003a77      0x177 ./Generated_Code/TimerIntLdd1.o
 .debug_info    0x00003bee      0x3f3 ./FreeMASTER/src_platforms/Kxx/freemaster_Kxx.o
 .debug_info    0x00003fe1      0x436 ./FreeMASTER/src_common/freemaster_protocol.o
 .debug_info    0x00004417      0x436 ./FreeMASTER/src_common/freemaster_serial.o

.debug_abbrev   0x00000000     0x1356
 .debug_abbrev  0x00000000      0x1bd ./Static_Code/System/CPU_Init.o
 .debug_abbrev  0x000001bd       0x43 ./Static_Code/System/Peripherals_Init.o
 .debug_abbrev  0x00000200       0xd6 ./Static_Code/System/Vectors.o
 .debug_abbrev  0x000002d6       0xcf ./Static_Code/Peripherals/UART0_Init.o
 .debug_abbrev  0x000003a5       0xc5 ./Sources/Events.o
 .debug_abbrev  0x0000046a       0x99 ./Sources/dj6.o
 .debug_abbrev  0x00000503       0x95 ./Sources/main.o
 .debug_abbrev  0x00000598      0x189 ./Project_Settings/Startup_Code/startup.o
 .debug_abbrev  0x00000721      0x1db ./Generated_Code/ASerialLdd1.o
 .debug_abbrev  0x000008fc       0xfc ./Generated_Code/Cpu.o
 .debug_abbrev  0x000009f8      0x10d ./Generated_Code/PE_LDD.o
 .debug_abbrev  0x00000b05      0x1d6 ./Generated_Code/RC.o
 .debug_abbrev  0x00000cdb      0x16a ./Generated_Code/TU1.o
 .debug_abbrev  0x00000e45       0x68 ./Generated_Code/TimeOutInt.o
 .debug_abbrev  0x00000ead       0xdd ./Generated_Code/TimerIntLdd1.o
 .debug_abbrev  0x00000f8a       0xdc ./FreeMASTER/src_platforms/Kxx/freemaster_Kxx.o
 .debug_abbrev  0x00001066      0x117 ./FreeMASTER/src_common/freemaster_protocol.o
 .debug_abbrev  0x0000117d      0x1d9 ./FreeMASTER/src_common/freemaster_serial.o

.debug_aranges  0x00000000      0x780
 .debug_aranges
                0x00000000       0x40 ./Static_Code/System/CPU_Init.o
 .debug_aranges
                0x00000040       0x20 ./Static_Code/System/Peripherals_Init.o
 .debug_aranges
                0x00000060      0x340 ./Static_Code/System/Vectors.o
 .debug_aranges
                0x000003a0       0x20 ./Static_Code/Peripherals/UART0_Init.o
 .debug_aranges
                0x000003c0       0x48 ./Sources/Events.o
 .debug_aranges
                0x00000408       0x20 ./Sources/dj6.o
 .debug_aranges
                0x00000428       0x20 ./Sources/main.o
 .debug_aranges
                0x00000448       0x50 ./Project_Settings/Startup_Code/startup.o
 .debug_aranges
                0x00000498       0x50 ./Generated_Code/ASerialLdd1.o
 .debug_aranges
                0x000004e8       0x30 ./Generated_Code/Cpu.o
 .debug_aranges
                0x00000518       0x30 ./Generated_Code/PE_LDD.o
 .debug_aranges
                0x00000548       0x78 ./Generated_Code/RC.o
 .debug_aranges
                0x000005c0       0x28 ./Generated_Code/TU1.o
 .debug_aranges
                0x000005e8       0x20 ./Generated_Code/TimeOutInt.o
 .debug_aranges
                0x00000608       0x28 ./Generated_Code/TimerIntLdd1.o
 .debug_aranges
                0x00000630       0x78 ./FreeMASTER/src_platforms/Kxx/freemaster_Kxx.o
 .debug_aranges
                0x000006a8       0x70 ./FreeMASTER/src_common/freemaster_protocol.o
 .debug_aranges
                0x00000718       0x68 ./FreeMASTER/src_common/freemaster_serial.o

.debug_ranges   0x00000000      0x660
 .debug_ranges  0x00000000       0x30 ./Static_Code/System/CPU_Init.o
 .debug_ranges  0x00000030       0x10 ./Static_Code/System/Peripherals_Init.o
 .debug_ranges  0x00000040      0x330 ./Static_Code/System/Vectors.o
 .debug_ranges  0x00000370       0x10 ./Static_Code/Peripherals/UART0_Init.o
 .debug_ranges  0x00000380       0x38 ./Sources/Events.o
 .debug_ranges  0x000003b8       0x10 ./Sources/dj6.o
 .debug_ranges  0x000003c8       0x10 ./Sources/main.o
 .debug_ranges  0x000003d8       0x40 ./Project_Settings/Startup_Code/startup.o
 .debug_ranges  0x00000418       0x40 ./Generated_Code/ASerialLdd1.o
 .debug_ranges  0x00000458       0x20 ./Generated_Code/Cpu.o
 .debug_ranges  0x00000478       0x20 ./Generated_Code/PE_LDD.o
 .debug_ranges  0x00000498       0x68 ./Generated_Code/RC.o
 .debug_ranges  0x00000500       0x18 ./Generated_Code/TU1.o
 .debug_ranges  0x00000518       0x10 ./Generated_Code/TimeOutInt.o
 .debug_ranges  0x00000528       0x18 ./Generated_Code/TimerIntLdd1.o
 .debug_ranges  0x00000540       0x68 ./FreeMASTER/src_platforms/Kxx/freemaster_Kxx.o
 .debug_ranges  0x000005a8       0x60 ./FreeMASTER/src_common/freemaster_protocol.o
 .debug_ranges  0x00000608       0x58 ./FreeMASTER/src_common/freemaster_serial.o

.debug_macro    0x00000000    0x32011
 .debug_macro   0x00000000      0x215 ./Static_Code/System/CPU_Init.o
 .debug_macro   0x00000215      0x850 ./Static_Code/System/CPU_Init.o
 .debug_macro   0x00000a65       0x16 ./Static_Code/System/CPU_Init.o
 .debug_macro   0x00000a7b       0x44 ./Static_Code/System/CPU_Init.o
 .debug_macro   0x00000abf      0x209 ./Static_Code/System/CPU_Init.o
 .debug_macro   0x00000cc8     0x1783 ./Static_Code/System/CPU_Init.o
 .debug_macro   0x0000244b    0x110ae ./Static_Code/System/CPU_Init.o
 .debug_macro   0x000134f9      0x4b6 ./Static_Code/System/CPU_Init.o
 .debug_macro   0x000139af       0xe4 ./Static_Code/System/CPU_Init.o
 .debug_macro   0x00013a93       0x12 ./Static_Code/System/CPU_Init.o
 .debug_macro   0x00013aa5      0x14e ./Static_Code/System/CPU_Init.o
 .debug_macro   0x00013bf3       0x6a ./Static_Code/System/CPU_Init.o
 .debug_macro   0x00013c5d       0x58 ./Static_Code/System/CPU_Init.o
 .debug_macro   0x00013cb5       0x35 ./Static_Code/System/CPU_Init.o
 .debug_macro   0x00013cea       0xa3 ./Static_Code/System/CPU_Init.o
 .debug_macro   0x00013d8d       0x16 ./Static_Code/System/CPU_Init.o
 .debug_macro   0x00013da3       0x65 ./Static_Code/System/CPU_Init.o
 .debug_macro   0x00013e08       0x19 ./Static_Code/System/CPU_Init.o
 .debug_macro   0x00013e21       0x94 ./Static_Code/System/CPU_Init.o
 .debug_macro   0x00013eb5      0x6a0 ./Static_Code/System/CPU_Init.o
 .debug_macro   0x00014555       0x4a ./Static_Code/System/CPU_Init.o
 .debug_macro   0x0001459f       0x1c ./Static_Code/System/CPU_Init.o
 .debug_macro   0x000145bb       0x10 ./Static_Code/System/CPU_Init.o
 .debug_macro   0x000145cb       0x52 ./Static_Code/System/CPU_Init.o
 .debug_macro   0x0001461d      0x189 ./Static_Code/System/CPU_Init.o
 .debug_macro   0x000147a6      0x189 ./Static_Code/System/CPU_Init.o
 .debug_macro   0x0001492f       0x2e ./Static_Code/System/CPU_Init.o
 .debug_macro   0x0001495d       0x16 ./Static_Code/System/CPU_Init.o
 .debug_macro   0x00014973      0x298 ./Static_Code/System/CPU_Init.o
 .debug_macro   0x00014c0b       0xa7 ./Static_Code/System/Peripherals_Init.o
 .debug_macro   0x00014cb2      0x203 ./Static_Code/System/Vectors.o
 .debug_macro   0x00014eb5       0xa9 ./Static_Code/Peripherals/UART0_Init.o
 .debug_macro   0x00014f5e       0x10 ./Static_Code/Peripherals/UART0_Init.o
 .debug_macro   0x00014f6e    0x110a2 ./Static_Code/Peripherals/UART0_Init.o
 .debug_macro   0x00026010     0x1789 ./Static_Code/Peripherals/UART0_Init.o
 .debug_macro   0x00027799      0x35b ./Sources/Events.o
 .debug_macro   0x00027af4       0x5f ./Sources/Events.o
 .debug_macro   0x00027b53      0x61c ./Sources/Events.o
 .debug_macro   0x0002816f      0x625 ./Sources/Events.o
 .debug_macro   0x00028794      0x328 ./Sources/Events.o
 .debug_macro   0x00028abc      0x1e9 ./Sources/Events.o
 .debug_macro   0x00028ca5      0x109 ./Sources/Events.o
 .debug_macro   0x00028dae      0x17f ./Sources/Events.o
 .debug_macro   0x00028f2d      0x202 ./Sources/Events.o
 .debug_macro   0x0002912f      0x91e ./Sources/Events.o
 .debug_macro   0x00029a4d      0x585 ./Sources/Events.o
 .debug_macro   0x00029fd2       0x9e ./Sources/Events.o
 .debug_macro   0x0002a070      0x1f9 ./Sources/Events.o
 .debug_macro   0x0002a269      0x50f ./Sources/Events.o
 .debug_macro   0x0002a778      0x132 ./Sources/Events.o
 .debug_macro   0x0002a8aa      0x29c ./Sources/Events.o
 .debug_macro   0x0002ab46      0x264 ./Sources/Events.o
 .debug_macro   0x0002adaa      0x25b ./Sources/Events.o
 .debug_macro   0x0002b005      0x4f1 ./Sources/Events.o
 .debug_macro   0x0002b4f6      0x13f ./Sources/Events.o
 .debug_macro   0x0002b635       0x6c ./Sources/Events.o
 .debug_macro   0x0002b6a1      0x30d ./Sources/Events.o
 .debug_macro   0x0002b9ae       0xbb ./Sources/Events.o
 .debug_macro   0x0002ba69       0xe9 ./Sources/Events.o
 .debug_macro   0x0002bb52      0x4ea ./Sources/Events.o
 .debug_macro   0x0002c03c      0x18f ./Sources/Events.o
 .debug_macro   0x0002c1cb       0xea ./Sources/Events.o
 .debug_macro   0x0002c2b5      0x344 ./Sources/Events.o
 .debug_macro   0x0002c5f9      0x824 ./Sources/Events.o
 .debug_macro   0x0002ce1d      0x179 ./Sources/Events.o
 .debug_macro   0x0002cf96      0x644 ./Sources/Events.o
 .debug_macro   0x0002d5da      0xa28 ./Sources/Events.o
 .debug_macro   0x0002e002      0x124 ./Sources/Events.o
 .debug_macro   0x0002e126      0x648 ./Sources/Events.o
 .debug_macro   0x0002e76e       0x81 ./Sources/Events.o
 .debug_macro   0x0002e7ef      0x7bf ./Sources/Events.o
 .debug_macro   0x0002efae      0x10f ./Sources/Events.o
 .debug_macro   0x0002f0bd      0x66f ./Sources/Events.o
 .debug_macro   0x0002f72c       0x7b ./Sources/Events.o
 .debug_macro   0x0002f7a7      0x182 ./Sources/Events.o
 .debug_macro   0x0002f929       0x5b ./Sources/dj6.o
 .debug_macro   0x0002f984      0x35b ./Sources/main.o
 .debug_macro   0x0002fcdf      0x121 ./Project_Settings/Startup_Code/startup.o
 .debug_macro   0x0002fe00      0x166 ./Project_Settings/Startup_Code/startup.o
 .debug_macro   0x0002ff66       0x4a ./Project_Settings/Startup_Code/startup.o
 .debug_macro   0x0002ffb0       0x52 ./Project_Settings/Startup_Code/startup.o
 .debug_macro   0x00030002       0x16 ./Project_Settings/Startup_Code/startup.o
 .debug_macro   0x00030018       0x43 ./Project_Settings/Startup_Code/startup.o
 .debug_macro   0x0003005b      0x180 ./Project_Settings/Startup_Code/startup.o
 .debug_macro   0x000301db      0x2a6 ./Project_Settings/Startup_Code/startup.o
 .debug_macro   0x00030481       0x10 ./Project_Settings/Startup_Code/startup.o
 .debug_macro   0x00030491       0x35 ./Project_Settings/Startup_Code/startup.o
 .debug_macro   0x000304c6       0x16 ./Project_Settings/Startup_Code/startup.o
 .debug_macro   0x000304dc       0x22 ./Project_Settings/Startup_Code/startup.o
 .debug_macro   0x000304fe      0x20f ./Project_Settings/Startup_Code/startup.o
 .debug_macro   0x0003070d      0x10d ./Generated_Code/ASerialLdd1.o
 .debug_macro   0x0003081a       0x1f ./Generated_Code/ASerialLdd1.o
 .debug_macro   0x00030839      0x7b9 ./Generated_Code/ASerialLdd1.o
 .debug_macro   0x00030ff2      0x202 ./Generated_Code/Cpu.o
 .debug_macro   0x000311f4      0x1cd ./Generated_Code/PE_LDD.o
 .debug_macro   0x000313c1      0x26d ./Generated_Code/RC.o
 .debug_macro   0x0003162e      0x109 ./Generated_Code/TU1.o
 .debug_macro   0x00031737      0x1ee ./Generated_Code/TimeOutInt.o
 .debug_macro   0x00031925      0x113 ./Generated_Code/TimerIntLdd1.o
 .debug_macro   0x00031a38       0x70 ./FreeMASTER/src_platforms/Kxx/freemaster_Kxx.o
 .debug_macro   0x00031aa8       0x10 ./FreeMASTER/src_platforms/Kxx/freemaster_Kxx.o
 .debug_macro   0x00031ab8      0x41a ./FreeMASTER/src_platforms/Kxx/freemaster_Kxx.o
 .debug_macro   0x00031ed2       0x43 ./FreeMASTER/src_platforms/Kxx/freemaster_Kxx.o
 .debug_macro   0x00031f15       0x75 ./FreeMASTER/src_common/freemaster_protocol.o
 .debug_macro   0x00031f8a       0x87 ./FreeMASTER/src_common/freemaster_serial.o

.debug_line     0x00000000     0x6025
 .debug_line    0x00000000      0x75a ./Static_Code/System/CPU_Init.o
 .debug_line    0x0000075a      0x31a ./Static_Code/System/Peripherals_Init.o
 .debug_line    0x00000a74      0xcfd ./Static_Code/System/Vectors.o
 .debug_line    0x00001771      0x30a ./Static_Code/Peripherals/UART0_Init.o
 .debug_line    0x00001a7b      0x839 ./Sources/Events.o
 .debug_line    0x000022b4      0x1fd ./Sources/dj6.o
 .debug_line    0x000024b1      0x7e2 ./Sources/main.o
 .debug_line    0x00002c93      0x3d6 ./Project_Settings/Startup_Code/startup.o
 .debug_line    0x00003069      0x49c ./Generated_Code/ASerialLdd1.o
 .debug_line    0x00003505      0x670 ./Generated_Code/Cpu.o
 .debug_line    0x00003b75      0x604 ./Generated_Code/PE_LDD.o
 .debug_line    0x00004179      0x7f1 ./Generated_Code/RC.o
 .debug_line    0x0000496a      0x3c1 ./Generated_Code/TU1.o
 .debug_line    0x00004d2b      0x606 ./Generated_Code/TimeOutInt.o
 .debug_line    0x00005331      0x3ba ./Generated_Code/TimerIntLdd1.o
 .debug_line    0x000056eb      0x2eb ./FreeMASTER/src_platforms/Kxx/freemaster_Kxx.o
 .debug_line    0x000059d6      0x311 ./FreeMASTER/src_common/freemaster_protocol.o
 .debug_line    0x00005ce7      0x33e ./FreeMASTER/src_common/freemaster_serial.o

.debug_str      0x00000000    0xefc85
 .debug_str     0x00000000    0x75ef2 ./Static_Code/System/CPU_Init.o
                              0x7609c (size before relaxing)
 .debug_str     0x00075ef2       0x99 ./Static_Code/System/Peripherals_Init.o
                               0xb537 (size before relaxing)
 .debug_str     0x00075f8b      0x9e9 ./Static_Code/System/Vectors.o
                              0x764b2 (size before relaxing)
 .debug_str     0x00076974      0x112 ./Static_Code/Peripherals/UART0_Init.o
                              0x69631 (size before relaxing)
 .debug_str     0x00076a86    0x72d73 ./Sources/Events.o
                              0xe77eb (size before relaxing)
 .debug_str     0x000e97f9       0x3a ./Sources/dj6.o
                               0x9d9a (size before relaxing)
 .debug_str     0x000e9833       0x22 ./Sources/main.o
                              0xe779b (size before relaxing)
 .debug_str     0x000e9855     0x219d ./Project_Settings/Startup_Code/startup.o
                              0x63699 (size before relaxing)
 .debug_str     0x000eb9f2      0x30f ./Generated_Code/ASerialLdd1.o
                              0x7938e (size before relaxing)
 .debug_str     0x000ebd01       0x34 ./Generated_Code/Cpu.o
                              0x74c55 (size before relaxing)
 .debug_str     0x000ebd35      0x16b ./Generated_Code/PE_LDD.o
                              0x74c65 (size before relaxing)
 .debug_str     0x000ebea0      0x264 ./Generated_Code/RC.o
                              0x74dae (size before relaxing)
 .debug_str     0x000ec104      0x173 ./Generated_Code/TU1.o
                              0x733a0 (size before relaxing)
 .debug_str     0x000ec277       0x38 ./Generated_Code/TimeOutInt.o
                              0x74ae1 (size before relaxing)
 .debug_str     0x000ec2af       0xbe ./Generated_Code/TimerIntLdd1.o
                              0x731a6 (size before relaxing)
 .debug_str     0x000ec36d     0x2b58 ./FreeMASTER/src_platforms/Kxx/freemaster_Kxx.o
                               0x6428 (size before relaxing)
 .debug_str     0x000eeec5      0xabd ./FreeMASTER/src_common/freemaster_protocol.o
                               0x6cfe (size before relaxing)
 .debug_str     0x000ef982      0x303 ./FreeMASTER/src_common/freemaster_serial.o
                               0x6ea8 (size before relaxing)

.comment        0x00000000       0x70
 .comment       0x00000000       0x70 ./Static_Code/System/CPU_Init.o
                                 0x71 (size before relaxing)
 .comment       0x00000000       0x71 ./Static_Code/System/Peripherals_Init.o
 .comment       0x00000000       0x71 ./Static_Code/System/Vectors.o
 .comment       0x00000000       0x71 ./Static_Code/Peripherals/UART0_Init.o
 .comment       0x00000000       0x71 ./Sources/Events.o
 .comment       0x00000000       0x71 ./Sources/dj6.o
 .comment       0x00000000       0x71 ./Sources/main.o
 .comment       0x00000000       0x71 ./Project_Settings/Startup_Code/startup.o
 .comment       0x00000000       0x71 ./Generated_Code/ASerialLdd1.o
 .comment       0x00000000       0x71 ./Generated_Code/Cpu.o
 .comment       0x00000000       0x71 ./Generated_Code/PE_LDD.o
 .comment       0x00000000       0x71 ./Generated_Code/RC.o
 .comment       0x00000000       0x71 ./Generated_Code/TU1.o
 .comment       0x00000000       0x71 ./Generated_Code/TimeOutInt.o
 .comment       0x00000000       0x71 ./Generated_Code/TimerIntLdd1.o
 .comment       0x00000000       0x71 ./FreeMASTER/src_platforms/Kxx/freemaster_Kxx.o
 .comment       0x00000000       0x71 ./FreeMASTER/src_common/freemaster_protocol.o
 .comment       0x00000000       0x71 ./FreeMASTER/src_common/freemaster_serial.o

.debug_frame    0x00000000     0x1800
 .debug_frame   0x00000000       0x9c ./Static_Code/System/CPU_Init.o
 .debug_frame   0x0000009c       0x2c ./Static_Code/System/Peripherals_Init.o
 .debug_frame   0x000000c8      0xcb0 ./Static_Code/System/Vectors.o
 .debug_frame   0x00000d78       0x28 ./Static_Code/Peripherals/UART0_Init.o
 .debug_frame   0x00000da0       0xa8 ./Sources/Events.o
 .debug_frame   0x00000e48       0x2c ./Sources/dj6.o
 .debug_frame   0x00000e74       0x2c ./Sources/main.o
 .debug_frame   0x00000ea0       0xc0 ./Project_Settings/Startup_Code/startup.o
 .debug_frame   0x00000f60       0xec ./Generated_Code/ASerialLdd1.o
 .debug_frame   0x0000104c       0x68 ./Generated_Code/Cpu.o
 .debug_frame   0x000010b4       0x64 ./Generated_Code/PE_LDD.o
 .debug_frame   0x00001118      0x170 ./Generated_Code/RC.o
 .debug_frame   0x00001288       0x50 ./Generated_Code/TU1.o
 .debug_frame   0x000012d8       0x30 ./Generated_Code/TimeOutInt.o
 .debug_frame   0x00001308       0x50 ./Generated_Code/TimerIntLdd1.o
 .debug_frame   0x00001358      0x178 ./FreeMASTER/src_platforms/Kxx/freemaster_Kxx.o
 .debug_frame   0x000014d0      0x164 ./FreeMASTER/src_common/freemaster_protocol.o
 .debug_frame   0x00001634      0x138 ./FreeMASTER/src_common/freemaster_serial.o
 .debug_frame   0x0000176c       0x28 e:/freescale/kds_3.0.0/toolchain/bin/../lib/gcc/arm-none-eabi/4.8.4/../../../../arm-none-eabi/lib/armv7e-m/fpu\libg_s.a(lib_a-exit.o)
 .debug_frame   0x00001794       0x2c e:/freescale/kds_3.0.0/toolchain/bin/../lib/gcc/arm-none-eabi/4.8.4/../../../../arm-none-eabi/lib/armv7e-m/fpu\libg_s.a(lib_a-init.o)
 .debug_frame   0x000017c0       0x20 e:/freescale/kds_3.0.0/toolchain/bin/../lib/gcc/arm-none-eabi/4.8.4/../../../../arm-none-eabi/lib/armv7e-m/fpu\libg_s.a(lib_a-memset.o)
 .debug_frame   0x000017e0       0x20 e:/freescale/kds_3.0.0/toolchain/bin/../lib/gcc/arm-none-eabi/4.8.4/../../../../arm-none-eabi/lib/armv7e-m/fpu\libnosys.a(_exit.o)
