Archive member included because of file (symbol)

e:/freescale/kds_3.0.0/toolchain/bin/../lib/gcc/arm-none-eabi/4.8.4/../../../../arm-none-eabi/lib/armv7e-m/fpu\libm.a(lib_a-sf_sin.o)
                              ./Sources/fusion.o (sinf)
e:/freescale/kds_3.0.0/toolchain/bin/../lib/gcc/arm-none-eabi/4.8.4/../../../../arm-none-eabi/lib/armv7e-m/fpu\libm.a(lib_a-w_sqrt.o)
                              ./Sources/fusion.o (sqrt)
e:/freescale/kds_3.0.0/toolchain/bin/../lib/gcc/arm-none-eabi/4.8.4/../../../../arm-none-eabi/lib/armv7e-m/fpu\libm.a(lib_a-wf_acos.o)
                              ./Sources/orientation.o (acosf)
e:/freescale/kds_3.0.0/toolchain/bin/../lib/gcc/arm-none-eabi/4.8.4/../../../../arm-none-eabi/lib/armv7e-m/fpu\libm.a(lib_a-wf_pow.o)
                              ./Sources/magnetic.o (powf)
e:/freescale/kds_3.0.0/toolchain/bin/../lib/gcc/arm-none-eabi/4.8.4/../../../../arm-none-eabi/lib/armv7e-m/fpu\libm.a(lib_a-wf_sqrt.o)
                              ./Sources/approximations.o (sqrtf)
e:/freescale/kds_3.0.0/toolchain/bin/../lib/gcc/arm-none-eabi/4.8.4/../../../../arm-none-eabi/lib/armv7e-m/fpu\libm.a(lib_a-e_sqrt.o)
                              e:/freescale/kds_3.0.0/toolchain/bin/../lib/gcc/arm-none-eabi/4.8.4/../../../../arm-none-eabi/lib/armv7e-m/fpu\libm.a(lib_a-w_sqrt.o) (__ieee754_sqrt)
e:/freescale/kds_3.0.0/toolchain/bin/../lib/gcc/arm-none-eabi/4.8.4/../../../../arm-none-eabi/lib/armv7e-m/fpu\libm.a(lib_a-ef_acos.o)
                              e:/freescale/kds_3.0.0/toolchain/bin/../lib/gcc/arm-none-eabi/4.8.4/../../../../arm-none-eabi/lib/armv7e-m/fpu\libm.a(lib_a-wf_acos.o) (__ieee754_acosf)
e:/freescale/kds_3.0.0/toolchain/bin/../lib/gcc/arm-none-eabi/4.8.4/../../../../arm-none-eabi/lib/armv7e-m/fpu\libm.a(lib_a-ef_pow.o)
                              e:/freescale/kds_3.0.0/toolchain/bin/../lib/gcc/arm-none-eabi/4.8.4/../../../../arm-none-eabi/lib/armv7e-m/fpu\libm.a(lib_a-wf_pow.o) (__ieee754_powf)
e:/freescale/kds_3.0.0/toolchain/bin/../lib/gcc/arm-none-eabi/4.8.4/../../../../arm-none-eabi/lib/armv7e-m/fpu\libm.a(lib_a-ef_rem_pio2.o)
                              e:/freescale/kds_3.0.0/toolchain/bin/../lib/gcc/arm-none-eabi/4.8.4/../../../../arm-none-eabi/lib/armv7e-m/fpu\libm.a(lib_a-sf_sin.o) (__ieee754_rem_pio2f)
e:/freescale/kds_3.0.0/toolchain/bin/../lib/gcc/arm-none-eabi/4.8.4/../../../../arm-none-eabi/lib/armv7e-m/fpu\libm.a(lib_a-ef_sqrt.o)
                              e:/freescale/kds_3.0.0/toolchain/bin/../lib/gcc/arm-none-eabi/4.8.4/../../../../arm-none-eabi/lib/armv7e-m/fpu\libm.a(lib_a-wf_sqrt.o) (__ieee754_sqrtf)
e:/freescale/kds_3.0.0/toolchain/bin/../lib/gcc/arm-none-eabi/4.8.4/../../../../arm-none-eabi/lib/armv7e-m/fpu\libm.a(lib_a-kf_cos.o)
                              e:/freescale/kds_3.0.0/toolchain/bin/../lib/gcc/arm-none-eabi/4.8.4/../../../../arm-none-eabi/lib/armv7e-m/fpu\libm.a(lib_a-sf_sin.o) (__kernel_cosf)
e:/freescale/kds_3.0.0/toolchain/bin/../lib/gcc/arm-none-eabi/4.8.4/../../../../arm-none-eabi/lib/armv7e-m/fpu\libm.a(lib_a-kf_rem_pio2.o)
                              e:/freescale/kds_3.0.0/toolchain/bin/../lib/gcc/arm-none-eabi/4.8.4/../../../../arm-none-eabi/lib/armv7e-m/fpu\libm.a(lib_a-ef_rem_pio2.o) (__kernel_rem_pio2f)
e:/freescale/kds_3.0.0/toolchain/bin/../lib/gcc/arm-none-eabi/4.8.4/../../../../arm-none-eabi/lib/armv7e-m/fpu\libm.a(lib_a-kf_sin.o)
                              e:/freescale/kds_3.0.0/toolchain/bin/../lib/gcc/arm-none-eabi/4.8.4/../../../../arm-none-eabi/lib/armv7e-m/fpu\libm.a(lib_a-sf_sin.o) (__kernel_sinf)
e:/freescale/kds_3.0.0/toolchain/bin/../lib/gcc/arm-none-eabi/4.8.4/../../../../arm-none-eabi/lib/armv7e-m/fpu\libm.a(lib_a-s_fpclassify.o)
                              e:/freescale/kds_3.0.0/toolchain/bin/../lib/gcc/arm-none-eabi/4.8.4/../../../../arm-none-eabi/lib/armv7e-m/fpu\libm.a(lib_a-w_sqrt.o) (__fpclassifyd)
e:/freescale/kds_3.0.0/toolchain/bin/../lib/gcc/arm-none-eabi/4.8.4/../../../../arm-none-eabi/lib/armv7e-m/fpu\libm.a(lib_a-s_lib_ver.o)
                              e:/freescale/kds_3.0.0/toolchain/bin/../lib/gcc/arm-none-eabi/4.8.4/../../../../arm-none-eabi/lib/armv7e-m/fpu\libm.a(lib_a-w_sqrt.o) (__fdlib_version)
e:/freescale/kds_3.0.0/toolchain/bin/../lib/gcc/arm-none-eabi/4.8.4/../../../../arm-none-eabi/lib/armv7e-m/fpu\libm.a(lib_a-s_matherr.o)
                              e:/freescale/kds_3.0.0/toolchain/bin/../lib/gcc/arm-none-eabi/4.8.4/../../../../arm-none-eabi/lib/armv7e-m/fpu\libm.a(lib_a-w_sqrt.o) (matherr)
e:/freescale/kds_3.0.0/toolchain/bin/../lib/gcc/arm-none-eabi/4.8.4/../../../../arm-none-eabi/lib/armv7e-m/fpu\libm.a(lib_a-s_nan.o)
                              e:/freescale/kds_3.0.0/toolchain/bin/../lib/gcc/arm-none-eabi/4.8.4/../../../../arm-none-eabi/lib/armv7e-m/fpu\libm.a(lib_a-wf_acos.o) (nan)
e:/freescale/kds_3.0.0/toolchain/bin/../lib/gcc/arm-none-eabi/4.8.4/../../../../arm-none-eabi/lib/armv7e-m/fpu\libm.a(lib_a-s_rint.o)
[...]
Memory Configuration

Name             Origin             Length             Attributes
m_interrupts     0x00000000         0x00000198         xr
m_text_00000198  0x00000198         0x00000268         xr
m_text           0x00000410         0x000ffbf0         xr
m_data_1FFF0000  0x1fff0000         0x00010000         rw
m_data           0x20000000         0x00030000         rw
m_cfmprotrom     0x00000400         0x00000010         xr
*default*        0x00000000         0xffffffff

Linker script and memory map

LOAD e:/freescale/kds_3.0.0/toolchain/bin/../lib/gcc/arm-none-eabi/4.8.4/armv7e-m/fpu/crti.o
LOAD e:/freescale/kds_3.0.0/toolchain/bin/../lib/gcc/arm-none-eabi/4.8.4/armv7e-m/fpu/crtbegin.o
LOAD e:/freescale/kds_3.0.0/toolchain/bin/../lib/gcc/arm-none-eabi/4.8.4/../../../../arm-none-eabi/lib/armv7e-m/fpu/crt0.o
LOAD ./Static_Code/System/CPU_Init.o
LOAD ./Static_Code/System/Peripherals_Init.o
LOAD ./Static_Code/System/Vectors.o
LOAD ./Sources/Events.o
LOAD ./Sources/approximations.o
LOAD ./Sources/dj6.o
LOAD ./Sources/drivers.o
LOAD ./Sources/fusion.o
LOAD ./Sources/magnetic.o
LOAD ./Sources/main.o
LOAD ./Sources/matrix.o
LOAD ./Sources/mqx_tasks.o
LOAD ./Sources/orientation.o
LOAD ./Sources/user_tasks.o
LOAD ./Project_Settings/Startup_Code/startup.o
LOAD ./MQXLITE/psp/cortex_m/core/M4/boot.o
LOAD ./MQXLITE/psp/cortex_m/core/M4/dispatch.o
LOAD ./MQXLITE/psp/cortex_m/cortex.o
LOAD ./MQXLITE/psp/cortex_m/int_gkis.o
LOAD ./MQXLITE/psp/cortex_m/int_inst.o
LOAD ./MQXLITE/psp/cortex_m/int_kisr.o
LOAD ./MQXLITE/psp/cortex_m/int_pvta.o
LOAD ./MQXLITE/psp/cortex_m/int_unx.o
LOAD ./MQXLITE/psp/cortex_m/int_vtab.o
LOAD ./MQXLITE/psp/cortex_m/int_xcpt.o
LOAD ./MQXLITE/psp/cortex_m/mem_zero.o
LOAD ./MQXLITE/psp/cortex_m/psp_iinit.o
LOAD ./MQXLITE/psp/cortex_m/psp_supp.o
LOAD ./MQXLITE/psp/cortex_m/psp_tiad.o
LOAD ./MQXLITE/psp/cortex_m/psp_tinm.o
LOAD ./MQXLITE/psp/cortex_m/psp_tipr.o
LOAD ./MQXLITE/psp/cortex_m/psp_tisu.o
LOAD ./MQXLITE/psp/cortex_m/sc_irdyq.o
LOAD ./MQXLITE/psp/cortex_m/stack_bu.o
LOAD ./MQXLITE/psp/cortex_m/stack_de.o
LOAD ./MQXLITE/psp/cortex_m/stack_st.o
LOAD ./MQXLITE/kernel/idletask.o
LOAD ./MQXLITE/kernel/int.o
LOAD ./MQXLITE/kernel/klog.o
LOAD ./MQXLITE/kernel/lwevent.o
LOAD ./MQXLITE/kernel/lwlog.o
LOAD ./MQXLITE/kernel/lwmem.o
LOAD ./MQXLITE/kernel/lwmsgq.o
LOAD ./MQXLITE/kernel/lwsem.o
LOAD ./MQXLITE/kernel/lwtimer.o
LOAD ./MQXLITE/kernel/mqx_utils.o
LOAD ./MQXLITE/kernel/mqxlite.o
LOAD ./MQXLITE/kernel/mutex.o
LOAD ./MQXLITE/kernel/qu_test.o
LOAD ./MQXLITE/kernel/sched.o
LOAD ./MQXLITE/kernel/task.o
LOAD ./MQXLITE/kernel/time_ticks.o
LOAD ./MQXLITE/config/task_template_list.o
LOAD ./Generated_Code/ASerialLdd1.o
LOAD ./Generated_Code/Cpu.o
LOAD ./Generated_Code/FTM.o
LOAD ./Generated_Code/I2C.o
LOAD ./Generated_Code/LED_GREEN.o
LOAD ./Generated_Code/LED_RED.o
LOAD ./Generated_Code/MQX1.o
LOAD ./Generated_Code/PE_LDD.o
LOAD ./Generated_Code/PwmLdd1.o
LOAD ./Generated_Code/PwmLdd2.o
LOAD ./Generated_Code/PwmLdd3.o
LOAD ./Generated_Code/PwmLdd4.o
LOAD ./Generated_Code/RC.o
LOAD ./Generated_Code/ROTOR1.o
LOAD ./Generated_Code/ROTOR2.o
LOAD ./Generated_Code/ROTOR3.o
LOAD ./Generated_Code/ROTOR4.o
LOAD ./Generated_Code/SystemTimer1.o
LOAD ./Generated_Code/TI1.o
LOAD ./Generated_Code/TU1.o
LOAD ./Generated_Code/TU2.o
LOAD ./Generated_Code/TimerIntLdd1.o
LOAD ./Generated_Code/UART_A.o
LOAD ./Generated_Code/UART_B.o
LOAD e:/freescale/kds_3.0.0/toolchain/bin/../lib/gcc/arm-none-eabi/4.8.4/../../../../arm-none-eabi/lib/armv7e-m/fpu\libstdc++_s.a
LOAD e:/freescale/kds_3.0.0/toolchain/bin/../lib/gcc/arm-none-eabi/4.8.4/../../../../arm-none-eabi/lib/armv7e-m/fpu\libm.a
START GROUP
LOAD e:/freescale/kds_3.0.0/toolchain/bin/../lib/gcc/arm-none-eabi/4.8.4/armv7e-m/fpu\libgcc.a
LOAD e:/freescale/kds_3.0.0/toolchain/bin/../lib/gcc/arm-none-eabi/4.8.4/../../../../arm-none-eabi/lib/armv7e-m/fpu\libg_s.a
LOAD e:/freescale/kds_3.0.0/toolchain/bin/../lib/gcc/arm-none-eabi/4.8.4/../../../../arm-none-eabi/lib/armv7e-m/fpu\libc_s.a
END GROUP
START GROUP
LOAD e:/freescale/kds_3.0.0/toolchain/bin/../lib/gcc/arm-none-eabi/4.8.4/armv7e-m/fpu\libgcc.a
LOAD e:/freescale/kds_3.0.0/toolchain/bin/../lib/gcc/arm-none-eabi/4.8.4/../../../../arm-none-eabi/lib/armv7e-m/fpu\libc_s.a
LOAD e:/freescale/kds_3.0.0/toolchain/bin/../lib/gcc/arm-none-eabi/4.8.4/../../../../arm-none-eabi/lib/armv7e-m/fpu\libnosys.a
END GROUP
START GROUP
LOAD e:/freescale/kds_3.0.0/toolchain/bin/../lib/gcc/arm-none-eabi/4.8.4/armv7e-m/fpu\libgcc.a
LOAD e:/freescale/kds_3.0.0/toolchain/bin/../lib/gcc/arm-none-eabi/4.8.4/../../../../arm-none-eabi/lib/armv7e-m/fpu\libc_s.a
LOAD e:/freescale/kds_3.0.0/toolchain/bin/../lib/gcc/arm-none-eabi/4.8.4/../../../../arm-none-eabi/lib/armv7e-m/fpu\libnosys.a
END GROUP
LOAD e:/freescale/kds_3.0.0/toolchain/bin/../lib/gcc/arm-none-eabi/4.8.4/armv7e-m/fpu/crtend.o
LOAD e:/freescale/kds_3.0.0/toolchain/bin/../lib/gcc/arm-none-eabi/4.8.4/armv7e-m/fpu/crtn.o
                0x20030000                _estack = 0x20030000
                0x20030000                __SP_INIT = _estack
                0x20030000                __stack = _estack
                0x00000000                __heap_size = 0x0
                0x00000400                __stack_size = 0x400

.interrupts     0x00000000      0x198
                0x00000000                __vector_table = .
                0x00000000                . = ALIGN (0x4)
 *(.vectortable)
 .vectortable   0x00000000      0x198 ./Static_Code/System/Vectors.o
                0x00000000                __vect_table
                0x00000198                . = ALIGN (0x4)

.cfmprotect     0x00000400       0x10
                0x00000400                . = ALIGN (0x4)
 *(.cfmconfig)
 .cfmconfig     0x00000400       0x10 ./Static_Code/System/CPU_Init.o
                0x00000400                _cfm
                0x00000410                . = ALIGN (0x4)

.text           0x00000410    0x10a90
                0x00000410                . = ALIGN (0x4)
 *(.text)
 .text          0x00000410       0x54 e:/freescale/kds_3.0.0/toolchain/bin/../lib/gcc/arm-none-eabi/4.8.4/armv7e-m/fpu/crtbegin.o
 .text          0x00000464       0x68 ./MQXLITE/psp/cortex_m/core/M4/boot.o
                0x00000464                __boot
                0x000004b0                __set_MSP
 .text          0x000004cc      0x370 e:/freescale/kds_3.0.0/toolchain/bin/../lib/gcc/arm-none-eabi/4.8.4/armv7e-m/fpu\libgcc.a(_arm_addsubdf3.o)
                0x000004cc                __aeabi_drsub
                0x000004d4                __aeabi_dsub
                0x000004d4                __subdf3
                0x000004d8                __aeabi_dadd
                0x000004d8                __adddf3
                0x00000750                __floatunsidf
                0x00000750                __aeabi_ui2d
                0x00000770                __floatsidf
                0x00000770                __aeabi_i2d
                0x00000794                __aeabi_f2d
                0x00000794                __extendsfdf2
                0x000007d0                __floatundidf
                0x000007d0                __aeabi_ul2d
                0x000007e0                __floatdidf
                0x000007e0                __aeabi_l2d
 .text          0x0000083c      0x424 e:/freescale/kds_3.0.0/toolchain/bin/../lib/gcc/arm-none-eabi/4.8.4/armv7e-m/fpu\libgcc.a(_arm_muldivdf3.o)
                0x0000083c                __aeabi_dmul
                0x0000083c                __muldf3
                0x00000a90                __divdf3
                0x00000a90                __aeabi_ddiv
 .text          0x00000c60      0x110 e:/freescale/kds_3.0.0/toolchain/bin/../lib/gcc/arm-none-eabi/4.8.4/armv7e-m/fpu\libgcc.a(_arm_cmpdf2.o)
                0x00000c60                __gtdf2
                0x00000c60                __gedf2
                0x00000c68                __ltdf2
                0x00000c68                __ledf2
                0x00000c70                __nedf2
                0x00000c70                __eqdf2
                0x00000c70                __cmpdf2
                0x00000cec                __aeabi_cdrcmple
                0x00000cfc                __aeabi_cdcmpeq
                0x00000cfc                __aeabi_cdcmple
                0x00000d0c                __aeabi_dcmpeq
                0x00000d20                __aeabi_dcmplt
                0x00000d34                __aeabi_dcmple
                0x00000d48                __aeabi_dcmpge
                0x00000d5c                __aeabi_dcmpgt
 .text          0x00000d70       0x50 e:/freescale/kds_3.0.0/toolchain/bin/../lib/gcc/arm-none-eabi/4.8.4/armv7e-m/fpu\libgcc.a(_arm_fixdfsi.o)
                0x00000d70                __aeabi_d2iz
                0x00000d70                __fixdfsi
 .text          0x00000dc0       0xa0 e:/freescale/kds_3.0.0/toolchain/bin/../lib/gcc/arm-none-eabi/4.8.4/armv7e-m/fpu\libgcc.a(_arm_truncdfsf2.o)
                0x00000dc0                __truncdfsf2
                0x00000dc0                __aeabi_d2f
 *(.text*)
 .text.__init_hardware
                0x00000e60      0x334 ./Static_Code/System/CPU_Init.o
                0x00000e60                __init_hardware
 .text.PE_low_level_init
                0x00001194       0x1c ./Static_Code/System/CPU_Init.o
                0x00001194                PE_low_level_init
 .text.UnhandledInterrupt
                0x000011b0       0x14 ./Static_Code/System/Vectors.o
                0x000011b0                UnhandledInterrupt
 .text.FTM_OnCounterRestart
                0x000011c4        0xc ./Sources/Events.o
                0x000011c4                FTM_OnCounterRestart
 .text.I2C_OnMasterBlockSent
                0x000011d0        0x4 ./Sources/Events.o
                0x000011d0                I2C_OnMasterBlockSent
 .text.I2C_OnMasterBlockReceived
                0x000011d4        0x4 ./Sources/Events.o
                0x000011d4                I2C_OnMasterBlockReceived
 .text.UART_A_OnBlockSent
                0x000011d8        0x4 ./Sources/Events.o
                0x000011d8                UART_A_OnBlockSent
 .text.UART_B_OnBlockSent
                0x000011dc        0x4 ./Sources/Events.o
                0x000011dc                UART_B_OnBlockSent
 .text.UART_A_OnTxComplete
                0x000011e0        0x4 ./Sources/Events.o
                0x000011e0                UART_A_OnTxComplete
 .text.UART_B_OnTxComplete
                0x000011e4        0x4 ./Sources/Events.o
                0x000011e4                UART_B_OnTxComplete
 .text.DecodeCommandBytes
                0x000011e8      0x288 ./Sources/Events.o
                0x000011e8                DecodeCommandBytes
 .text.UART_A_OnBlockReceived
                0x00001470       0x30 ./Sources/Events.o
                0x00001470                UART_A_OnBlockReceived
 .text.UART_B_OnBlockReceived
                0x000014a0       0x30 ./Sources/Events.o
                0x000014a0                UART_B_OnBlockReceived
 .text.TI1_OnInterrupt
                0x000014d0        0x4 ./Sources/Events.o
                0x000014d0                TI1_OnInterrupt
 .text.RC_OnError
                0x000014d4        0x4 ./Sources/Events.o
                0x000014d4                RC_OnError
 .text.RC_OnRxChar
                0x000014d8       0x50 ./Sources/Events.o
                0x000014d8                RC_OnRxChar
 .text.RC_OnTxChar
                0x00001528        0x4 ./Sources/Events.o
                0x00001528                RC_OnTxChar
 .text.RC_OnFullRxBuf
                0x0000152c        0x4 ./Sources/Events.o
                0x0000152c                RC_OnFullRxBuf
 .text.fasin_deg
                0x00001530      0x124 ./Sources/approximations.o
                0x00001530                fasin_deg
 .text.facos_deg
                0x00001654      0x204 ./Sources/approximations.o
                0x00001654                facos_deg
 .text.fatan2_deg
                0x00001858      0x27c ./Sources/approximations.o
                0x00001858                fatan2_deg
 .text.DJ6_parse_data
                0x00001ad4       0xcc ./Sources/dj6.o
                0x00001ad4                DJ6_parse_data
 .text.sBufAppendItem.constprop.2
                0x00001ba0       0x68 ./Sources/drivers.o
 .text.ReadI2CBytes
                0x00001c08       0xac ./Sources/drivers.o
                0x00001c08                ReadI2CBytes
 .text.MPL3115_Init
                0x00001cb4      0x11c ./Sources/drivers.o
                0x00001cb4                MPL3115_Init
 .text.FXOS8700_Init
                0x00001dd0      0x31c ./Sources/drivers.o
                0x00001dd0                FXOS8700_Init
 .text.FXAS2100X_Init
                0x000020ec      0x2ec ./Sources/drivers.o
                0x000020ec                FXAS2100X_Init
 .text.MPL3115_ReadData
                0x000023d8       0x74 ./Sources/drivers.o
                0x000023d8                MPL3115_ReadData
 .text.FXOS8700_ReadAccData
                0x0000244c       0x7c ./Sources/drivers.o
                0x0000244c                FXOS8700_ReadAccData
 .text.FXOS8700_ReadMagData
                0x000024c8       0x8c ./Sources/drivers.o
                0x000024c8                FXOS8700_ReadMagData
 .text.FXAS2100X_ReadData
                0x00002554       0x78 ./Sources/drivers.o
                0x00002554                FXAS2100X_ReadData
 .text.BlueRadios_Init
                0x000025cc       0x34 ./Sources/drivers.o
                0x000025cc                BlueRadios_Init
 .text.CreateAndSendPacketsViaUART
                0x00002600     0x21f8 ./Sources/drivers.o
                0x00002600                CreateAndSendPacketsViaUART
 .text.fInitFusion
                0x000047f8       0x64 ./Sources/fusion.o
                0x000047f8                fInitFusion
 .text.fInit_9DOF_GBY_KALMAN
                0x0000485c      0x21c ./Sources/fusion.o
                0x0000485c                fInit_9DOF_GBY_KALMAN
 .text.fRun_1DOF_P_BASIC
                0x00004a78       0x5c ./Sources/fusion.o
                0x00004a78                fRun_1DOF_P_BASIC
 .text.fRun_3DOF_G_BASIC
                0x00004ad4       0xa8 ./Sources/fusion.o
                0x00004ad4                fRun_3DOF_G_BASIC
 .text.fRun_3DOF_B_BASIC
                0x00004b7c       0xb0 ./Sources/fusion.o
                0x00004b7c                fRun_3DOF_B_BASIC
 .text.fRun_3DOF_Y_BASIC
                0x00004c2c      0x10c ./Sources/fusion.o
                0x00004c2c                fRun_3DOF_Y_BASIC
 .text.fRun_6DOF_GB_BASIC
                0x00004d38       0xd8 ./Sources/fusion.o
                0x00004d38                fRun_6DOF_GB_BASIC
 .text.fRun_6DOF_GY_KALMAN
                0x00004e10      0xb60 ./Sources/fusion.o
                0x00004e10                fRun_6DOF_GY_KALMAN
 .text.fRun_9DOF_GBY_KALMAN
                0x00005970     0x11dc ./Sources/fusion.o
                0x00005970                fRun_9DOF_GBY_KALMAN
 .text.fInitMagCalibration
                0x00006b4c       0xb4 ./Sources/magnetic.o
                0x00006b4c                fInitMagCalibration
 .text.iUpdateMagnetometerBuffer
                0x00006c00      0x3e0 ./Sources/magnetic.o
                0x00006c00                iUpdateMagnetometerBuffer
 .text.fInvertMagCal
                0x00006fe0       0xdc ./Sources/magnetic.o
                0x00006fe0                fInvertMagCal
 .text.fUpdateCalibration7EIG
                0x000070bc      0x49c ./Sources/magnetic.o
                0x000070bc                fUpdateCalibration7EIG
 .text.fUpdateCalibration10EIG
                0x00007558      0x768 ./Sources/magnetic.o
                0x00007558                fUpdateCalibration10EIG
 .text.fRunMagCalibration
                0x00007cc0      0x6ac ./Sources/magnetic.o
                0x00007cc0                fRunMagCalibration
 .text.startup.main
                0x0000836c        0xc ./Sources/main.o
                0x0000836c                main
 .text.f3x3matrixAeqI
                0x00008378       0x1c ./Sources/matrix.o
                0x00008378                f3x3matrixAeqI
 .text.f3x3matrixAeqB
                0x00008394       0x28 ./Sources/matrix.o
                0x00008394                f3x3matrixAeqB
 .text.f3x3matrixAeqScalar
                0x000083bc       0x28 ./Sources/matrix.o
                0x000083bc                f3x3matrixAeqScalar
 .text.f3x3matrixAeqAxScalar
                0x000083e4       0x70 ./Sources/matrix.o
                0x000083e4                f3x3matrixAeqAxScalar
 .text.f3x3matrixAeqMinusA
                0x00008454       0x70 ./Sources/matrix.o
                0x00008454                f3x3matrixAeqMinusA
 .text.f3x3matrixAeqInvSymB
                0x000084c4       0xdc ./Sources/matrix.o
                0x000084c4                f3x3matrixAeqInvSymB
 .text.f3x3matrixDetA
                0x000085a0       0x4c ./Sources/matrix.o
                0x000085a0                f3x3matrixDetA
 .text.eigencompute10
                0x000085ec      0x394 ./Sources/matrix.o
                0x000085ec                eigencompute10
 .text.eigencompute4
                0x00008980      0x37c ./Sources/matrix.o
                0x00008980                eigencompute4
 .text.fmatrixAeqInvA
                0x00008cfc      0x26c ./Sources/matrix.o
                0x00008cfc                fmatrixAeqInvA
 .text.RdSensData_task
                0x00008f68      0x7c4 ./Sources/mqx_tasks.o
                0x00008f68                RdSensData_task
 .text.Fusion_task
                0x0000972c      0x2f0 ./Sources/mqx_tasks.o
                0x0000972c                Fusion_task
 .text.MagCal_task
                0x00009a1c       0x4c ./Sources/mqx_tasks.o
                0x00009a1c                MagCal_task
 .text.f3DOFTiltNED
                0x00009a68      0x118 ./Sources/orientation.o
                0x00009a68                f3DOFTiltNED
 .text.f3DOFMagnetometerMatrixNED
                0x00009b80       0x84 ./Sources/orientation.o
                0x00009b80                f3DOFMagnetometerMatrixNED
 .text.feCompassNED
                0x00009c04      0x27c ./Sources/orientation.o
                0x00009c04                feCompassNED
 .text.fLeastSquareseCompassNED
                0x00009e80      0x2b0 ./Sources/orientation.o
                0x00009e80                fLeastSquareseCompassNED
 .text.fNEDAnglesDegFromRotationMatrix
                0x0000a130      0x114 ./Sources/orientation.o
                0x0000a130                fNEDAnglesDegFromRotationMatrix
 .text.fQuaternionFromRotationVectorDeg
                0x0000a244      0x160 ./Sources/orientation.o
                0x0000a244                fQuaternionFromRotationVectorDeg
 .text.fQuaternionFromRotationMatrix
                0x0000a3a4      0x1e8 ./Sources/orientation.o
                0x0000a3a4                fQuaternionFromRotationMatrix
 .text.fRotationMatrixFromQuaternion
                0x0000a58c       0xa0 ./Sources/orientation.o
                0x0000a58c                fRotationMatrixFromQuaternion
 .text.fRotationVectorDegFromQuaternion
                0x0000a62c       0xc8 ./Sources/orientation.o
                0x0000a62c                fRotationVectorDegFromQuaternion
 .text.fLPFOrientationQuaternion
                0x0000a6f4      0x2d0 ./Sources/orientation.o
                0x0000a6f4                fLPFOrientationQuaternion
 .text.qAeqBxC  0x0000a9c4       0x8c ./Sources/orientation.o
                0x0000a9c4                qAeqBxC
 .text.qAeqAxB  0x0000aa50       0x74 ./Sources/orientation.o
                0x0000aa50                qAeqAxB
 .text.fqAeqNormqA
                0x0000aac4       0xd0 ./Sources/orientation.o
                0x0000aac4                fqAeqNormqA
 .text.fqAeq1   0x0000ab94       0x10 ./Sources/orientation.o
                0x0000ab94                fqAeq1
 .text.fveqconjgquq
                0x0000aba4      0x168 ./Sources/orientation.o
                0x0000aba4                fveqconjgquq
 .text.UserStartup
                0x0000ad0c       0x30 ./Sources/user_tasks.o
                0x0000ad0c                UserStartup
 .text.UserHighFrequencyTaskInit
                0x0000ad3c       0x24 ./Sources/user_tasks.o
                0x0000ad3c                UserHighFrequencyTaskInit
 .text.UserMediumFrequencyTaskInit
                0x0000ad60        0x4 ./Sources/user_tasks.o
                0x0000ad60                UserMediumFrequencyTaskInit
 *fill*         0x0000ad64        0x4 
 .text.UserHighFrequencyTaskRun
                0x0000ad68      0x1b0 ./Sources/user_tasks.o
                0x0000ad68                UserHighFrequencyTaskRun
 .text.UserMediumFrequencyTaskRun
                0x0000af18       0x10 ./Sources/user_tasks.o
                0x0000af18                UserMediumFrequencyTaskRun
 .text.__copy_rom_sections_to_ram
                0x0000af28       0x70 ./Project_Settings/Startup_Code/startup.o
                0x0000af28                __copy_rom_sections_to_ram
 .text.__init_registers
                0x0000af98        0x4 ./Project_Settings/Startup_Code/startup.o
                0x0000af98                __init_registers
 .text.__init_user
                0x0000af9c        0x4 ./Project_Settings/Startup_Code/startup.o
                0x0000af9c                __init_user
 .text.__thumb_startup
                0x0000afa0       0x80 ./Project_Settings/Startup_Code/startup.o
                0x0000afa0                __thumb_startup
 .text._psp_int_install
                0x0000b020       0x10 ./MQXLITE/psp/cortex_m/int_inst.o
                0x0000b020                _psp_int_install
 .text._int_set_vector_table
                0x0000b030       0x10 ./MQXLITE/psp/cortex_m/int_vtab.o
                0x0000b030                _int_set_vector_table
 .text._mem_zero
                0x0000b040       0xe4 ./MQXLITE/psp/cortex_m/mem_zero.o
                0x0000b040                _mem_zero
 .text._psp_int_init
                0x0000b124       0x18 ./MQXLITE/psp/cortex_m/psp_iinit.o
                0x0000b124                _psp_int_init
 .text._psp_add_ticks
                0x0000b13c       0x4c ./MQXLITE/psp/cortex_m/psp_tiad.o
                0x0000b13c                _psp_add_ticks
 .text._psp_normalize_ticks
                0x0000b188       0x30 ./MQXLITE/psp/cortex_m/psp_tinm.o
                0x0000b188                _psp_normalize_ticks
 .text._psp_set_kernel_disable_level
                0x0000b1b8       0x70 ./MQXLITE/psp/cortex_m/sc_irdyq.o
                0x0000b1b8                _psp_set_kernel_disable_level
 .text._psp_init_readyqs
                0x0000b228       0x70 ./MQXLITE/psp/cortex_m/sc_irdyq.o
                0x0000b228                _psp_init_readyqs
 .text._psp_build_stack_frame
                0x0000b298       0x80 ./MQXLITE/psp/cortex_m/stack_bu.o
                0x0000b298                _psp_build_stack_frame
 .text._psp_destroy_stack_frame
                0x0000b318        0x4 ./MQXLITE/psp/cortex_m/stack_de.o
                0x0000b318                _psp_destroy_stack_frame
 .text._mqx_idle_task
                0x0000b31c       0x10 ./MQXLITE/kernel/idletask.o
                0x0000b31c                _mqx_idle_task
 .text._int_default_isr
                0x0000b32c       0x88 ./MQXLITE/kernel/int.o
                0x0000b32c                _int_default_isr
 .text._int_disable
                0x0000b3b4       0x1c ./MQXLITE/kernel/int.o
                0x0000b3b4                _int_disable
 .text._int_enable
                0x0000b3d0       0x2c ./MQXLITE/kernel/int.o
                0x0000b3d0                _int_enable
 .text._int_get_isr
                0x0000b3fc       0x3c ./MQXLITE/kernel/int.o
                0x0000b3fc                _int_get_isr
 .text._int_get_isr_data
                0x0000b438       0x3c ./MQXLITE/kernel/int.o
                0x0000b438                _int_get_isr_data
 .text._int_install_isr
                0x0000b474       0xfc ./MQXLITE/kernel/int.o
                0x0000b474                _int_install_isr
 .text._int_init
                0x0000b570       0x58 ./MQXLITE/kernel/int.o
                0x0000b570                _int_init
 .text._klog_log
                0x0000b5c8       0x8c ./MQXLITE/kernel/klog.o
                0x0000b5c8                _klog_log
 .text._klog_block_internal
                0x0000b654       0x48 ./MQXLITE/kernel/klog.o
                0x0000b654                _klog_block_internal
 .text._klog_context_switch_internal
                0x0000b69c       0x48 ./MQXLITE/kernel/klog.o
                0x0000b69c                _klog_context_switch_internal
 .text._klog_isr_start_internal
                0x0000b6e4       0x50 ./MQXLITE/kernel/klog.o
                0x0000b6e4                _klog_isr_start_internal
 .text._klog_isr_end_internal
                0x0000b734       0x40 ./MQXLITE/kernel/klog.o
                0x0000b734                _klog_isr_end_internal
 .text._lwevent_create
                0x0000b774       0xec ./MQXLITE/kernel/lwevent.o
                0x0000b774                _lwevent_create
 .text._lwevent_set
                0x0000b860      0x1c0 ./MQXLITE/kernel/lwevent.o
                0x0000b860                _lwevent_set
 .text._lwevent_wait_for
                0x0000ba20      0x164 ./MQXLITE/kernel/lwevent.o
                0x0000ba20                _lwevent_wait_for
 .text._lwlog_write_internal
                0x0000bb84       0xbc ./MQXLITE/kernel/lwlog.o
                0x0000bb84                _lwlog_write_internal
 .text._lwlog_write
                0x0000bc40      0x130 ./MQXLITE/kernel/lwlog.o
                0x0000bc40                _lwlog_write
 .text._lwsem_create
                0x0000bd70       0xc8 ./MQXLITE/kernel/lwsem.o
                0x0000bd70                _lwsem_create
 .text._lwsem_post
                0x0000be38      0x164 ./MQXLITE/kernel/lwsem.o
                0x0000be38                _lwsem_post
 .text._lwsem_wait
                0x0000bf9c      0x118 ./MQXLITE/kernel/lwsem.o
                0x0000bf9c                _lwsem_wait
 .text._mqx_set_cpu_type
                0x0000c0b4        0xc ./MQXLITE/kernel/mqx_utils.o
                0x0000c0b4                _mqx_set_cpu_type
 .text._mqx_init_kernel_data_internal
                0x0000c0c0      0x10c ./MQXLITE/kernel/mqx_utils.o
                0x0000c0c0                _mqx_init_kernel_data_internal
 .text._mqxlite_init
                0x0000c1cc       0xbc ./MQXLITE/kernel/mqxlite.o
                0x0000c1cc                _mqxlite_init
 .text._mqx_exit
                0x0000c288       0x30 ./MQXLITE/kernel/mqxlite.o
                0x0000c288                _mqx_exit
 .text._mqxlite
                0x0000c2b8       0x94 ./MQXLITE/kernel/mqxlite.o
                0x0000c2b8                _mqxlite
 .text._task_exit_function_internal
                0x0000c34c      0x1b4 ./MQXLITE/kernel/task.o
                0x0000c34c                _task_exit_function_internal
 .text._task_set_error
                0x0000c500       0x6c ./MQXLITE/kernel/task.o
                0x0000c500                _task_set_error
 .text._task_init_internal
                0x0000c56c      0x2d0 ./MQXLITE/kernel/task.o
                0x0000c56c                _task_init_internal
 .text._task_create_at
                0x0000c83c      0x2d4 ./MQXLITE/kernel/task.o
                0x0000c83c                _task_create_at
 .text._task_fill_stack_internal
                0x0000cb10       0x14 ./MQXLITE/kernel/task.o
                0x0000cb10                _task_fill_stack_internal
 .text._task_ready_internal
                0x0000cb24       0x60 ./MQXLITE/kernel/task.o
                0x0000cb24                _task_ready_internal
 .text._task_set_error_td_internal
                0x0000cb84       0x58 ./MQXLITE/kernel/task.o
                0x0000cb84                _task_set_error_td_internal
 .text._time_delay_for
                0x0000cbdc      0x118 ./MQXLITE/kernel/time_ticks.o
                0x0000cbdc                _time_delay_for
 .text._time_get_hwticks
                0x0000ccf4       0x1c ./MQXLITE/kernel/time_ticks.o
                0x0000ccf4                _time_get_hwticks
 .text._time_notify_kernel
                0x0000cd10      0x130 ./MQXLITE/kernel/time_ticks.o
                0x0000cd10                _time_notify_kernel
 .text._time_set_hwtick_function
                0x0000ce40       0x14 ./MQXLITE/kernel/time_ticks.o
                0x0000ce40                _time_set_hwtick_function
 .text._time_set_hwticks_per_tick
                0x0000ce54       0x10 ./MQXLITE/kernel/time_ticks.o
                0x0000ce54                _time_set_hwticks_per_tick
 .text.ASerialLdd1_Interrupt
                0x0000ce64      0x114 ./Generated_Code/ASerialLdd1.o
                0x0000ce64                ASerialLdd1_Interrupt
 .text.ASerialLdd1_Init
                0x0000cf78      0x130 ./Generated_Code/ASerialLdd1.o
                0x0000cf78                ASerialLdd1_Init
 .text.ASerialLdd1_ReceiveBlock
                0x0000d0a8       0x38 ./Generated_Code/ASerialLdd1.o
                0x0000d0a8                ASerialLdd1_ReceiveBlock
 .text.ASerialLdd1_GetError
                0x0000d0e0       0x1c ./Generated_Code/ASerialLdd1.o
                0x0000d0e0                ASerialLdd1_GetError
 .text.Components_Init
                0x0000d0fc       0x60 ./Generated_Code/Cpu.o
                0x0000d0fc                Components_Init
 .text.FTM_Interrupt
                0x0000d15c       0x24 ./Generated_Code/FTM.o
                0x0000d15c                FTM_Interrupt
 .text.FTM_Init
                0x0000d180       0x68 ./Generated_Code/FTM.o
                0x0000d180                FTM_Init
 .text.FTM_SetPeriodTicks
                0x0000d1e8       0x20 ./Generated_Code/FTM.o
                0x0000d1e8                FTM_SetPeriodTicks
 .text.I2C_Interrupt
                0x0000d208      0x178 ./Generated_Code/I2C.o
                0x0000d208                I2C_Interrupt
 .text.I2C_Init
                0x0000d380       0xf8 ./Generated_Code/I2C.o
                0x0000d380                I2C_Init
 .text.I2C_MasterSendBlock
                0x0000d478       0xb8 ./Generated_Code/I2C.o
                0x0000d478                I2C_MasterSendBlock
 .text.I2C_MasterGetBlockSentStatus
                0x0000d530       0x1c ./Generated_Code/I2C.o
                0x0000d530                I2C_MasterGetBlockSentStatus
 .text.I2C_MasterReceiveBlock
                0x0000d54c       0xb8 ./Generated_Code/I2C.o
                0x0000d54c                I2C_MasterReceiveBlock
 .text.I2C_MasterGetBlockReceivedStatus
                0x0000d604       0x1c ./Generated_Code/I2C.o
                0x0000d604                I2C_MasterGetBlockReceivedStatus
 .text.I2C_SelectSlaveDevice
                0x0000d620       0x70 ./Generated_Code/I2C.o
                0x0000d620                I2C_SelectSlaveDevice
 .text.I2C_GetError
                0x0000d690       0x1c ./Generated_Code/I2C.o
                0x0000d690                I2C_GetError
 .text.I2C_CheckBus
                0x0000d6ac       0x18 ./Generated_Code/I2C.o
                0x0000d6ac                I2C_CheckBus
 .text.LED_GREEN_Init
                0x0000d6c4       0x58 ./Generated_Code/LED_GREEN.o
                0x0000d6c4                LED_GREEN_Init
 .text.LED_GREEN_SetVal
                0x0000d71c       0x10 ./Generated_Code/LED_GREEN.o
                0x0000d71c                LED_GREEN_SetVal
 .text.LED_GREEN_NegVal
                0x0000d72c       0x10 ./Generated_Code/LED_GREEN.o
                0x0000d72c                LED_GREEN_NegVal
 .text.LED_RED_Init
                0x0000d73c       0x58 ./Generated_Code/LED_RED.o
                0x0000d73c                LED_RED_Init
 .text.LED_RED_ClrVal
                0x0000d794       0x10 ./Generated_Code/LED_RED.o
                0x0000d794                LED_RED_ClrVal
 .text.LED_RED_SetVal
                0x0000d7a4       0x10 ./Generated_Code/LED_RED.o
                0x0000d7a4                LED_RED_SetVal
 .text.SystemTimer1_OnCounterRestart
                0x0000d7b4        0x4 ./Generated_Code/MQX1.o
                0x0000d7b4                SystemTimer1_OnCounterRestart
 .text.system_timer_init
                0x0000d7b8       0x54 ./Generated_Code/MQX1.o
                0x0000d7b8                system_timer_init
 .text.system_timer_start
                0x0000d80c       0x14 ./Generated_Code/MQX1.o
                0x0000d80c                system_timer_start
 .text.PwmLdd1_Init
                0x0000d820       0x2c ./Generated_Code/PwmLdd1.o
                0x0000d820                PwmLdd1_Init
 .text.PwmLdd1_SetDutyUS
                0x0000d84c       0x74 ./Generated_Code/PwmLdd1.o
                0x0000d84c                PwmLdd1_SetDutyUS
 .text.PwmLdd2_Init
                0x0000d8c0       0x2c ./Generated_Code/PwmLdd2.o
                0x0000d8c0                PwmLdd2_Init
 .text.PwmLdd2_SetDutyUS
                0x0000d8ec       0x74 ./Generated_Code/PwmLdd2.o
                0x0000d8ec                PwmLdd2_SetDutyUS
 .text.PwmLdd3_Init
                0x0000d960       0x2c ./Generated_Code/PwmLdd3.o
                0x0000d960                PwmLdd3_Init
 .text.PwmLdd3_SetDutyUS
                0x0000d98c       0x74 ./Generated_Code/PwmLdd3.o
                0x0000d98c                PwmLdd3_SetDutyUS
 .text.PwmLdd4_Init
                0x0000da00       0x2c ./Generated_Code/PwmLdd4.o
                0x0000da00                PwmLdd4_Init
 .text.PwmLdd4_SetDutyUS
                0x0000da2c       0x74 ./Generated_Code/PwmLdd4.o
                0x0000da2c                PwmLdd4_SetDutyUS
 .text.RC_RecvChar
                0x0000daa0       0xb0 ./Generated_Code/RC.o
                0x0000daa0                RC_RecvChar
 .text.RC_RecvBlock
                0x0000db50      0x124 ./Generated_Code/RC.o
                0x0000db50                RC_RecvBlock
 .text.RC_ClearRxBuf
                0x0000dc74       0x64 ./Generated_Code/RC.o
                0x0000dc74                RC_ClearRxBuf
 .text.RC_GetCharsInRxBuf
                0x0000dcd8        0xc ./Generated_Code/RC.o
                0x0000dcd8                RC_GetCharsInRxBuf
 .text.RC_Init  0x0000dce4       0x44 ./Generated_Code/RC.o
                0x0000dce4                RC_Init
 .text.ASerialLdd1_OnBlockReceived
                0x0000dd28       0x78 ./Generated_Code/RC.o
                0x0000dd28                ASerialLdd1_OnBlockReceived
 .text.ASerialLdd1_OnBlockSent
                0x0000dda0       0x1c ./Generated_Code/RC.o
                0x0000dda0                ASerialLdd1_OnBlockSent
 .text.ASerialLdd1_OnError
                0x0000ddbc       0x58 ./Generated_Code/RC.o
                0x0000ddbc                ASerialLdd1_OnError
 .text.ASerialLdd1_OnBreak
                0x0000de14       0x10 ./Generated_Code/RC.o
                0x0000de14                ASerialLdd1_OnBreak
 .text.SystemTimer1_Interrupt
                0x0000de24       0x14 ./Generated_Code/SystemTimer1.o
                0x0000de24                SystemTimer1_Interrupt
 .text.SystemTimer1_Init
                0x0000de38       0x5c ./Generated_Code/SystemTimer1.o
                0x0000de38                SystemTimer1_Init
 .text.SystemTimer1_Enable
                0x0000de94       0x14 ./Generated_Code/SystemTimer1.o
                0x0000de94                SystemTimer1_Enable
 .text.SystemTimer1_GetInputFrequency
                0x0000dea8        0x8 ./Generated_Code/SystemTimer1.o
                0x0000dea8                SystemTimer1_GetInputFrequency
 .text.SystemTimer1_GetPeriodTicks
                0x0000deb0       0x14 ./Generated_Code/SystemTimer1.o
                0x0000deb0                SystemTimer1_GetPeriodTicks
 .text.SystemTimer1_GetCounterValue
                0x0000dec4        0xc ./Generated_Code/SystemTimer1.o
                0x0000dec4                SystemTimer1_GetCounterValue
 .text.TimerIntLdd1_OnInterrupt
                0x0000ded0        0x4 ./Generated_Code/TI1.o
                0x0000ded0                TimerIntLdd1_OnInterrupt
 .text.TU1_Interrupt
                0x0000ded4       0x24 ./Generated_Code/TU1.o
                0x0000ded4                TU1_Interrupt
 .text.TU1_Init
                0x0000def8       0x9c ./Generated_Code/TU1.o
                0x0000def8                TU1_Init
 .text.TU2_Init
                0x0000df94       0xe4 ./Generated_Code/TU2.o
                0x0000df94                TU2_Init
 .text.TU2_GetPeriodTicks
                0x0000e078       0x10 ./Generated_Code/TU2.o
                0x0000e078                TU2_GetPeriodTicks
 .text.TU2_SetOffsetTicks
                0x0000e088       0x3c ./Generated_Code/TU2.o
                0x0000e088                TU2_SetOffsetTicks
 .text.TimerIntLdd1_Init
                0x0000e0c4       0x28 ./Generated_Code/TimerIntLdd1.o
                0x0000e0c4                TimerIntLdd1_Init
 .text.TU1_OnCounterRestart
                0x0000e0ec       0x10 ./Generated_Code/TimerIntLdd1.o
                0x0000e0ec                TU1_OnCounterRestart
 .text.UART_A_Interrupt
                0x0000e0fc       0xd0 ./Generated_Code/UART_A.o
                0x0000e0fc                UART_A_Interrupt
 .text.UART_A_Init
                0x0000e1cc      0x12c ./Generated_Code/UART_A.o
                0x0000e1cc                UART_A_Init
 .text.UART_A_ReceiveBlock
                0x0000e2f8       0x38 ./Generated_Code/UART_A.o
                0x0000e2f8                UART_A_ReceiveBlock
 .text.UART_A_SendBlock
                0x0000e330       0x54 ./Generated_Code/UART_A.o
                0x0000e330                UART_A_SendBlock
 .text.UART_A_GetReceivedDataNum
                0x0000e384        0x4 ./Generated_Code/UART_A.o
                0x0000e384                UART_A_GetReceivedDataNum
 .text.UART_A_GetSentDataNum
                0x0000e388        0x4 ./Generated_Code/UART_A.o
                0x0000e388                UART_A_GetSentDataNum
 .text.UART_B_Interrupt
                0x0000e38c       0xd0 ./Generated_Code/UART_B.o
                0x0000e38c                UART_B_Interrupt
 .text.UART_B_Init
                0x0000e45c      0x12c ./Generated_Code/UART_B.o
                0x0000e45c                UART_B_Init
 .text.UART_B_ReceiveBlock
                0x0000e588       0x38 ./Generated_Code/UART_B.o
                0x0000e588                UART_B_ReceiveBlock
 .text.UART_B_SendBlock
                0x0000e5c0       0x54 ./Generated_Code/UART_B.o
                0x0000e5c0                UART_B_SendBlock
 .text.UART_B_GetReceivedDataNum
                0x0000e614        0x4 ./Generated_Code/UART_B.o
                0x0000e614                UART_B_GetReceivedDataNum
 .text.sinf     0x0000e618       0x7c e:/freescale/kds_3.0.0/toolchain/bin/../lib/gcc/arm-none-eabi/4.8.4/../../../../arm-none-eabi/lib/armv7e-m/fpu\libm.a(lib_a-sf_sin.o)
                0x0000e618                sinf
 .text.sqrt     0x0000e694       0xbc e:/freescale/kds_3.0.0/toolchain/bin/../lib/gcc/arm-none-eabi/4.8.4/../../../../arm-none-eabi/lib/armv7e-m/fpu\libm.a(lib_a-w_sqrt.o)
                0x0000e694                sqrt
 .text.acosf    0x0000e750       0xbc e:/freescale/kds_3.0.0/toolchain/bin/../lib/gcc/arm-none-eabi/4.8.4/../../../../arm-none-eabi/lib/armv7e-m/fpu\libm.a(lib_a-wf_acos.o)
                0x0000e750                acosf
 .text.powf     0x0000e80c      0x348 e:/freescale/kds_3.0.0/toolchain/bin/../lib/gcc/arm-none-eabi/4.8.4/../../../../arm-none-eabi/lib/armv7e-m/fpu\libm.a(lib_a-wf_pow.o)
                0x0000e80c                powf
 .text.sqrtf    0x0000eb54       0xb8 e:/freescale/kds_3.0.0/toolchain/bin/../lib/gcc/arm-none-eabi/4.8.4/../../../../arm-none-eabi/lib/armv7e-m/fpu\libm.a(lib_a-wf_sqrt.o)
                0x0000eb54                sqrtf
 .text.__ieee754_sqrt
                0x0000ec0c      0x198 e:/freescale/kds_3.0.0/toolchain/bin/../lib/gcc/arm-none-eabi/4.8.4/../../../../arm-none-eabi/lib/armv7e-m/fpu\libm.a(lib_a-e_sqrt.o)
                0x0000ec0c                __ieee754_sqrt
 .text.__ieee754_acosf
                0x0000eda4      0x24c e:/freescale/kds_3.0.0/toolchain/bin/../lib/gcc/arm-none-eabi/4.8.4/../../../../arm-none-eabi/lib/armv7e-m/fpu\libm.a(lib_a-ef_acos.o)
                0x0000eda4                __ieee754_acosf
 .text.__ieee754_powf
                0x0000eff0      0x5c8 e:/freescale/kds_3.0.0/toolchain/bin/../lib/gcc/arm-none-eabi/4.8.4/../../../../arm-none-eabi/lib/armv7e-m/fpu\libm.a(lib_a-ef_pow.o)
                0x0000eff0                __ieee754_powf
 .text.__ieee754_rem_pio2f
                0x0000f5b8      0x28c e:/freescale/kds_3.0.0/toolchain/bin/../lib/gcc/arm-none-eabi/4.8.4/../../../../arm-none-eabi/lib/armv7e-m/fpu\libm.a(lib_a-ef_rem_pio2.o)
                0x0000f5b8                __ieee754_rem_pio2f
 .text.__ieee754_sqrtf
                0x0000f844       0xa4 e:/freescale/kds_3.0.0/toolchain/bin/../lib/gcc/arm-none-eabi/4.8.4/../../../../arm-none-eabi/lib/armv7e-m/fpu\libm.a(lib_a-ef_sqrt.o)
                0x0000f844                __ieee754_sqrtf
 .text.__kernel_cosf
                0x0000f8e8      0x104 e:/freescale/kds_3.0.0/toolchain/bin/../lib/gcc/arm-none-eabi/4.8.4/../../../../arm-none-eabi/lib/armv7e-m/fpu\libm.a(lib_a-kf_cos.o)
                0x0000f8e8                __kernel_cosf
 .text.__kernel_rem_pio2f
                0x0000f9ec      0x5cc e:/freescale/kds_3.0.0/toolchain/bin/../lib/gcc/arm-none-eabi/4.8.4/../../../../arm-none-eabi/lib/armv7e-m/fpu\libm.a(lib_a-kf_rem_pio2.o)
                0x0000f9ec                __kernel_rem_pio2f
 .text.__kernel_sinf
                0x0000ffb8       0x90 e:/freescale/kds_3.0.0/toolchain/bin/../lib/gcc/arm-none-eabi/4.8.4/../../../../arm-none-eabi/lib/armv7e-m/fpu\libm.a(lib_a-kf_sin.o)
                0x0000ffb8                __kernel_sinf
 .text.__fpclassifyd
                0x00010048       0x54 e:/freescale/kds_3.0.0/toolchain/bin/../lib/gcc/arm-none-eabi/4.8.4/../../../../arm-none-eabi/lib/armv7e-m/fpu\libm.a(lib_a-s_fpclassify.o)
                0x00010048                __fpclassifyd
 .text.matherr  0x0001009c        0x4 e:/freescale/kds_3.0.0/toolchain/bin/../lib/gcc/arm-none-eabi/4.8.4/../../../../arm-none-eabi/lib/armv7e-m/fpu\libm.a(lib_a-s_matherr.o)
                0x0001009c                matherr
 .text.nan      0x000100a0       0x10 e:/freescale/kds_3.0.0/toolchain/bin/../lib/gcc/arm-none-eabi/4.8.4/../../../../arm-none-eabi/lib/armv7e-m/fpu\libm.a(lib_a-s_nan.o)
                0x000100a0                nan
 .text.rint     0x000100b0      0x120 e:/freescale/kds_3.0.0/toolchain/bin/../lib/gcc/arm-none-eabi/4.8.4/../../../../arm-none-eabi/lib/armv7e-m/fpu\libm.a(lib_a-s_rint.o)
                0x000100b0                rint
 .text.fabsf    0x000101d0       0x10 e:/freescale/kds_3.0.0/toolchain/bin/../lib/gcc/arm-none-eabi/4.8.4/../../../../arm-none-eabi/lib/armv7e-m/fpu\libm.a(lib_a-sf_fabs.o)
                0x000101d0                fabsf
 .text.finitef  0x000101e0       0x14 e:/freescale/kds_3.0.0/toolchain/bin/../lib/gcc/arm-none-eabi/4.8.4/../../../../arm-none-eabi/lib/armv7e-m/fpu\libm.a(lib_a-sf_finite.o)
                0x000101e0                finitef
 .text.floorf   0x000101f4       0xa0 e:/freescale/kds_3.0.0/toolchain/bin/../lib/gcc/arm-none-eabi/4.8.4/../../../../arm-none-eabi/lib/armv7e-m/fpu\libm.a(lib_a-sf_floor.o)
                0x000101f4                floorf
 .text.__fpclassifyf
                0x00010294       0x38 e:/freescale/kds_3.0.0/toolchain/bin/../lib/gcc/arm-none-eabi/4.8.4/../../../../arm-none-eabi/lib/armv7e-m/fpu\libm.a(lib_a-sf_fpclassify.o)
                0x00010294                __fpclassifyf
 .text.nanf     0x000102cc        0xc e:/freescale/kds_3.0.0/toolchain/bin/../lib/gcc/arm-none-eabi/4.8.4/../../../../arm-none-eabi/lib/armv7e-m/fpu\libm.a(lib_a-sf_nan.o)
                0x000102cc                nanf
 .text.scalbnf  0x000102d8       0xd8 e:/freescale/kds_3.0.0/toolchain/bin/../lib/gcc/arm-none-eabi/4.8.4/../../../../arm-none-eabi/lib/armv7e-m/fpu\libm.a(lib_a-sf_scalbn.o)
                0x000102d8                scalbnf
 .text.copysignf
                0x000103b0       0x18 e:/freescale/kds_3.0.0/toolchain/bin/../lib/gcc/arm-none-eabi/4.8.4/../../../../arm-none-eabi/lib/armv7e-m/fpu\libm.a(lib_a-sf_copysign.o)
                0x000103b0                copysignf
 .text.__errno  0x000103c8        0xc e:/freescale/kds_3.0.0/toolchain/bin/../lib/gcc/arm-none-eabi/4.8.4/../../../../arm-none-eabi/lib/armv7e-m/fpu\libg_s.a(lib_a-errno.o)
                0x000103c8                __errno
 .text.memmove  0x000103d4       0x36 e:/freescale/kds_3.0.0/toolchain/bin/../lib/gcc/arm-none-eabi/4.8.4/../../../../arm-none-eabi/lib/armv7e-m/fpu\libg_s.a(lib_a-memmove.o)
                0x000103d4                memmove
 .text.memset   0x0001040a       0x10 e:/freescale/kds_3.0.0/toolchain/bin/../lib/gcc/arm-none-eabi/4.8.4/../../../../arm-none-eabi/lib/armv7e-m/fpu\libg_s.a(lib_a-memset.o)
                0x0001040a                memset
 *(.rodata)
 *(.rodata*)
 *fill*         0x0001041a        0x2 
 .rodata.CPU_DefaultBLPI
                0x0001041c        0x8 ./Static_Code/System/CPU_Init.o
 .rodata.CPU_DefaultBLPE
                0x00010424        0x8 ./Static_Code/System/CPU_Init.o
 .rodata.CPU_DefaultFEE
                0x0001042c        0x8 ./Static_Code/System/CPU_Init.o
 .rodata.CPU_DefaultPEE
                0x00010434        0x8 ./Static_Code/System/CPU_Init.o
 .rodata.CPU_DefaultFEI
                0x0001043c        0x8 ./Static_Code/System/CPU_Init.o
 .rodata.ClockGenModeMatrix
                0x00010444       0x80 ./Static_Code/System/CPU_Init.o
 .rodata.CPU_ClockGenModeRegs
                0x000104c4       0x20 ./Static_Code/System/CPU_Init.o
 .rodata.CPU_DefaultFBI
                0x000104e4        0x8 ./Static_Code/System/CPU_Init.o
 .rodata.CPU_DefaultFBE
                0x000104ec        0x8 ./Static_Code/System/CPU_Init.o
 .rodata.CPU_DefaultPBE
                0x000104f4        0x8 ./Static_Code/System/CPU_Init.o
 .rodata.str1.4
                0x000104fc        0xb ./Sources/drivers.o
                                  0xc (size before relaxing)
 *fill*         0x00010507        0x1 
 .rodata.str1.4
                0x00010508        0xf ./MQXLITE/kernel/mqx_utils.o
                                 0x10 (size before relaxing)
 *fill*         0x00010517        0x1 
 .rodata._mqx_path
                0x00010518        0x4 ./MQXLITE/kernel/mqxlite.o
                0x00010518                _mqx_path
 .rodata._mqx_vendor
                0x0001051c        0x4 ./MQXLITE/kernel/mqxlite.o
                0x0001051c                _mqx_vendor
 .rodata._mqxlite_version_number
                0x00010520        0x4 ./MQXLITE/kernel/mqxlite.o
                0x00010520                _mqxlite_version_number
 .rodata._mqx_version_number
                0x00010524        0x4 ./MQXLITE/kernel/mqxlite.o
                0x00010524                _mqx_version_number
 .rodata.str1.4
                0x00010528       0xda ./MQXLITE/kernel/mqxlite.o
                                 0xdc (size before relaxing)
 *fill*         0x00010602        0x2 
 .rodata.str1.4
                0x00010604       0x1b ./MQXLITE/config/task_template_list.o
                                 0x1c (size before relaxing)
 *fill*         0x0001061f        0x1 
 .rodata.MQX_template_list
                0x00010620       0x70 ./MQXLITE/config/task_template_list.o
                0x00010620                MQX_template_list
 .rodata.MQX_init_struct
                0x00010690       0x24 ./Generated_Code/MQX1.o
                0x00010690                MQX_init_struct
 .rodata.ChannelDevice
                0x000106b4        0x4 ./Generated_Code/TU2.o
 .rodata.ChannelMode
                0x000106b8        0x4 ./Generated_Code/TU2.o
 .rodata.str1.4
                0x000106bc        0x5 e:/freescale/kds_3.0.0/toolchain/bin/../lib/gcc/arm-none-eabi/4.8.4/../../../../arm-none-eabi/lib/armv7e-m/fpu\libm.a(lib_a-w_sqrt.o)
                                  0x8 (size before relaxing)
 *fill*         0x000106c1        0x3 
 .rodata.str1.4
                0x000106c4        0x6 e:/freescale/kds_3.0.0/toolchain/bin/../lib/gcc/arm-none-eabi/4.8.4/../../../../arm-none-eabi/lib/armv7e-m/fpu\libm.a(lib_a-wf_acos.o)
                                  0xc (size before relaxing)
 *fill*         0x000106ca        0x2 
 .rodata.str1.4
                0x000106cc        0x5 e:/freescale/kds_3.0.0/toolchain/bin/../lib/gcc/arm-none-eabi/4.8.4/../../../../arm-none-eabi/lib/armv7e-m/fpu\libm.a(lib_a-wf_pow.o)
                                  0x8 (size before relaxing)
 *fill*         0x000106d1        0x3 
 .rodata.str1.4
                0x000106d4        0x8 e:/freescale/kds_3.0.0/toolchain/bin/../lib/gcc/arm-none-eabi/4.8.4/../../../../arm-none-eabi/lib/armv7e-m/fpu\libm.a(lib_a-wf_sqrt.o)
 .rodata.dp_h   0x000106dc        0x8 e:/freescale/kds_3.0.0/toolchain/bin/../lib/gcc/arm-none-eabi/4.8.4/../../../../arm-none-eabi/lib/armv7e-m/fpu\libm.a(lib_a-ef_pow.o)
 .rodata.dp_l   0x000106e4        0x8 e:/freescale/kds_3.0.0/toolchain/bin/../lib/gcc/arm-none-eabi/4.8.4/../../../../arm-none-eabi/lib/armv7e-m/fpu\libm.a(lib_a-ef_pow.o)
 .rodata.bp     0x000106ec        0x8 e:/freescale/kds_3.0.0/toolchain/bin/../lib/gcc/arm-none-eabi/4.8.4/../../../../arm-none-eabi/lib/armv7e-m/fpu\libm.a(lib_a-ef_pow.o)
 .rodata.str1.4
                0x00000000        0x4 e:/freescale/kds_3.0.0/toolchain/bin/../lib/gcc/arm-none-eabi/4.8.4/../../../../arm-none-eabi/lib/armv7e-m/fpu\libm.a(lib_a-ef_pow.o)
 .rodata.npio2_hw
                0x000106f4       0x80 e:/freescale/kds_3.0.0/toolchain/bin/../lib/gcc/arm-none-eabi/4.8.4/../../../../arm-none-eabi/lib/armv7e-m/fpu\libm.a(lib_a-ef_rem_pio2.o)
 .rodata.two_over_pi
                0x00010774      0x318 e:/freescale/kds_3.0.0/toolchain/bin/../lib/gcc/arm-none-eabi/4.8.4/../../../../arm-none-eabi/lib/armv7e-m/fpu\libm.a(lib_a-ef_rem_pio2.o)
 .rodata.init_jk
                0x00010a8c        0xc e:/freescale/kds_3.0.0/toolchain/bin/../lib/gcc/arm-none-eabi/4.8.4/../../../../arm-none-eabi/lib/armv7e-m/fpu\libm.a(lib_a-kf_rem_pio2.o)
 .rodata.PIo2   0x00010a98       0x2c e:/freescale/kds_3.0.0/toolchain/bin/../lib/gcc/arm-none-eabi/4.8.4/../../../../arm-none-eabi/lib/armv7e-m/fpu\libm.a(lib_a-kf_rem_pio2.o)
 *fill*         0x00010ac4        0x4 
 .rodata.TWO52  0x00010ac8       0x10 e:/freescale/kds_3.0.0/toolchain/bin/../lib/gcc/arm-none-eabi/4.8.4/../../../../arm-none-eabi/lib/armv7e-m/fpu\libm.a(lib_a-s_rint.o)
 .rodata.str1.1
                0x00010ad8        0x2 e:/freescale/kds_3.0.0/toolchain/bin/../lib/gcc/arm-none-eabi/4.8.4/../../../../arm-none-eabi/lib/armv7e-m/fpu\libg_s.a(lib_a-impure.o)
 *fill*         0x00010ada        0x2 
 .rodata.__sf_fake_stdin
                0x00010adc       0x20 e:/freescale/kds_3.0.0/toolchain/bin/../lib/gcc/arm-none-eabi/4.8.4/../../../../arm-none-eabi/lib/armv7e-m/fpu\libg_s.a(lib_a-findfp.o)
                0x00010adc                __sf_fake_stdin
 .rodata.__sf_fake_stdout
                0x00010afc       0x20 e:/freescale/kds_3.0.0/toolchain/bin/../lib/gcc/arm-none-eabi/4.8.4/../../../../arm-none-eabi/lib/armv7e-m/fpu\libg_s.a(lib_a-findfp.o)
                0x00010afc                __sf_fake_stdout
 .rodata.__sf_fake_stderr
                0x00010b1c       0x20 e:/freescale/kds_3.0.0/toolchain/bin/../lib/gcc/arm-none-eabi/4.8.4/../../../../arm-none-eabi/lib/armv7e-m/fpu\libg_s.a(lib_a-findfp.o)
                0x00010b1c                __sf_fake_stderr
 *(.glue_7)
 .glue_7        0x00000000        0x0 linker stubs
 *(.glue_7t)
 .glue_7t       0x00000000        0x0 linker stubs
 *(.eh_frame)
 .eh_frame      0x00010b3c        0x0 e:/freescale/kds_3.0.0/toolchain/bin/../lib/gcc/arm-none-eabi/4.8.4/armv7e-m/fpu/crtbegin.o
 *(.init)
 .init          0x00010b3c        0x4 e:/freescale/kds_3.0.0/toolchain/bin/../lib/gcc/arm-none-eabi/4.8.4/armv7e-m/fpu/crti.o
                0x00010b3c                _init
 .init          0x00010b40        0x8 e:/freescale/kds_3.0.0/toolchain/bin/../lib/gcc/arm-none-eabi/4.8.4/armv7e-m/fpu/crtn.o
 *(.fini)
 .fini          0x00010b48        0x4 e:/freescale/kds_3.0.0/toolchain/bin/../lib/gcc/arm-none-eabi/4.8.4/armv7e-m/fpu/crti.o
                0x00010b48                _fini
 .fini          0x00010b4c        0x8 e:/freescale/kds_3.0.0/toolchain/bin/../lib/gcc/arm-none-eabi/4.8.4/armv7e-m/fpu/crtn.o
                0x00010b54                . = ALIGN (0x4)
 *(KERNEL)
 KERNEL         0x00010b54      0x34c ./MQXLITE/psp/cortex_m/core/M4/dispatch.o
                0x00010b54                _sched_start_internal
                0x00010b58                _sched_run_internal
                0x00010b5e                _sched_check_scheduler_internal
                0x00010b7c                _sched_execute_scheduler_internal
                0x00010b80                _mqx_api_call
                0x00010b84                _task_block
                0x00010b88                _svc_handler
                0x00010c22                _pend_svc
                0x00010d14                _int_kernel_isr
                0x00010dc4                _psp_exception_return
                0x00010dfc                _psp_save_fp_context_internal
                0x00010e30                _mem_test_and_set
                0x00010e4e                __get_PSP
                0x00010e54                __get_MSP
                0x00010e60                __get_PSR
                0x00010e66                __enable_interrupt
                0x00010e6a                __disable_interrupt
                0x00010e6e                __get_LR
                0x00010e72                __get_PC
                0x00010e76                __get_CONTROL
                0x00000000                __VECTOR_TABLE_START = __vector_table
                0x00010ea0                . = ALIGN (0x4)
 *(.rdata)
                0x00010ea0                . = ALIGN (0x4)
 *(.exception)
                0x00010ea0                . = ALIGN (0x4)
                0x00010ea0                __exception_table_start__ = .
                0x00010ea0                __exception_table_end__ = .
                0x00010ea0                __sinit__ = .
                0x00010ea0                _etext = .

.vfp11_veneer   0x00010ea0        0x0
 .vfp11_veneer  0x00000000        0x0 linker stubs

.v4_bx          0x00010ea0        0x0
 .v4_bx         0x00000000        0x0 linker stubs

.iplt           0x00010ea0        0x0
 .iplt          0x00000000        0x0 e:/freescale/kds_3.0.0/toolchain/bin/../lib/gcc/arm-none-eabi/4.8.4/armv7e-m/fpu/crtbegin.o

.rel.dyn        0x00010ea0        0x0
 .rel.iplt      0x00000000        0x0 e:/freescale/kds_3.0.0/toolchain/bin/../lib/gcc/arm-none-eabi/4.8.4/armv7e-m/fpu/crtbegin.o

.ARM.extab
 *(.ARM.extab* .gnu.linkonce.armextab.*)

.ARM            0x00010ea0        0x0
                0x00010ea0                __exidx_start = .
 *(.ARM.exidx*)
                0x00010ea0                __exidx_end = .

.ctors          0x00010ea0        0x0
                0x00010ea0                __CTOR_LIST__ = .
 *crtbegin.o(.ctors)
 *(EXCLUDE_FILE(*crtend.o) .ctors)
 *(SORT(.ctors.*))
 *(.ctors)
                0x00010ea0                __CTOR_END__ = .

.dtors          0x00010ea0        0x0
                0x00010ea0                __DTOR_LIST__ = .
 *crtbegin.o(.dtors)
 *(EXCLUDE_FILE(*crtend.o) .dtors)
 *(SORT(.dtors.*))
 *(.dtors)
                0x00010ea0                __DTOR_END__ = .

.preinit_array  0x00010ea0        0x0
                0x00010ea0                PROVIDE (__preinit_array_start, .)
 *(.preinit_array*)
                0x00010ea0                PROVIDE (__preinit_array_end, .)

.init_array     0x00010ea0        0x4
                0x00010ea0                PROVIDE (__init_array_start, .)
 *(SORT(.init_array.*))
 *(.init_array*)
 .init_array    0x00010ea0        0x4 e:/freescale/kds_3.0.0/toolchain/bin/../lib/gcc/arm-none-eabi/4.8.4/armv7e-m/fpu/crtbegin.o
                0x00010ea4                PROVIDE (__init_array_end, .)

.fini_array     0x00010ea4        0x4
                0x00010ea4                PROVIDE (__fini_array_start, .)
 *(SORT(.fini_array.*))
 *(.fini_array*)
 .fini_array    0x00010ea4        0x4 e:/freescale/kds_3.0.0/toolchain/bin/../lib/gcc/arm-none-eabi/4.8.4/armv7e-m/fpu/crtbegin.o
                0x00010ea8                PROVIDE (__fini_array_end, .)
                0x00010ea8                ___ROM_AT = .

.data           0x20000000       0x8c load address 0x00010ea8
                0x20000000                . = ALIGN (0x4)
                0x20000000                _sdata = .
 *(.data)
 *(.data*)
 .data.iCommandBuffer_B.8079
                0x20000000        0x8 ./Sources/Events.o
 .data.iCommandBuffer_A.8074
                0x20000008        0x8 ./Sources/Events.o
 .data._mqx_kernel_data
                0x20000010        0x4 ./MQXLITE/kernel/mqxlite.o
                0x20000010                _mqx_kernel_data
 .data.mqx_task_stack_pointers
                0x20000014       0x10 ./Generated_Code/MQX1.o
                0x20000014                mqx_task_stack_pointers
 .data.__fdlib_version
                0x20000024        0x1 e:/freescale/kds_3.0.0/toolchain/bin/../lib/gcc/arm-none-eabi/4.8.4/../../../../arm-none-eabi/lib/armv7e-m/fpu\libm.a(lib_a-s_lib_ver.o)
                0x20000024                __fdlib_version
 *fill*         0x20000025        0x3 
 .data.impure_data
                0x20000028       0x60 e:/freescale/kds_3.0.0/toolchain/bin/../lib/gcc/arm-none-eabi/4.8.4/../../../../arm-none-eabi/lib/armv7e-m/fpu\libg_s.a(lib_a-impure.o)
 .data._impure_ptr
                0x20000088        0x4 e:/freescale/kds_3.0.0/toolchain/bin/../lib/gcc/arm-none-eabi/4.8.4/../../../../arm-none-eabi/lib/armv7e-m/fpu\libg_s.a(lib_a-impure.o)
                0x20000088                _impure_ptr
                0x2000008c                . = ALIGN (0x4)
                0x2000008c                _edata = .
                0x0000008c                ___data_size = (_edata - _sdata)
                0x00010f34                ___m_data_1FFF0000_ROMStart = (___ROM_AT + SIZEOF (.data))

.jcr            0x2000008c        0x0 load address 0x00010f34
 .jcr           0x2000008c        0x0 e:/freescale/kds_3.0.0/toolchain/bin/../lib/gcc/arm-none-eabi/4.8.4/armv7e-m/fpu/crtbegin.o

.igot.plt       0x2000008c        0x0 load address 0x00010f34
 .igot.plt      0x00000000        0x0 e:/freescale/kds_3.0.0/toolchain/bin/../lib/gcc/arm-none-eabi/4.8.4/armv7e-m/fpu/crtbegin.o

.m_data_1FFF0000
                0x1fff0000        0x0 load address 0x00010f34
                0x1fff0000                . = ALIGN (0x4)
                0x1fff0000                ___m_data_1FFF0000_RAMStart = .
 *(.m_data_1FFF0000)
                0x1fff0000                ___m_data_1FFF0000_RAMEnd = .
                0x1fff0000                . = ALIGN (0x4)
                0x00000000                ___m_data_1FFF0000_ROMSize = (___m_data_1FFF0000_RAMEnd - ___m_data_1FFF0000_RAMStart)
                0x1fff0000                . = ALIGN (0x4)

.bss            0x2000008c     0x3fa4 load address 0x00010f34
                0x2000008c                __START_BSS = .
                0x2000008c                PROVIDE (__bss_start__, __START_BSS)
 *(.bss)
 .bss           0x2000008c       0x1c e:/freescale/kds_3.0.0/toolchain/bin/../lib/gcc/arm-none-eabi/4.8.4/armv7e-m/fpu/crtbegin.o
 *(.bss*)
 .bss.SR_lock   0x200000a8        0x1 ./Static_Code/System/CPU_Init.o
                0x200000a8                SR_lock
 .bss.iPacketNumber.8382
                0x200000a9        0x1 ./Sources/drivers.o
 *fill*         0x200000aa        0x2 
 .bss.iTimeStamp.8366
                0x200000ac        0x4 ./Sources/drivers.o
 .bss.MagneticPacketID.8381
                0x200000b0        0x2 ./Sources/drivers.o
 *fill*         0x200000b2        0x2 
 .bss.g_pbRCTemp
                0x200000b4       0x20 ./Sources/main.o
                0x200000b4                g_pbRCTemp
 .bss.g_bDroneState
                0x200000d4        0x1 ./Sources/main.o
                0x200000d4                g_bDroneState
 *fill*         0x200000d5        0x1 
 .bss.g_nRCTimeOutCount
                0x200000d6        0x2 ./Sources/main.o
                0x200000d6                g_nRCTimeOutCount
 .bss.g_DJ6RCData
                0x200000d8       0x1c ./Sources/main.o
                0x200000d8                g_DJ6RCData
 .bss.iCounter.9043
                0x200000f4        0x1 ./Sources/mqx_tasks.o
 *fill*         0x200000f5        0x3 
 .bss.init_count.7990
                0x200000f8        0x4 ./Sources/user_tasks.o
 .bss.argv      0x200000fc       0x28 ./Project_Settings/Startup_Code/startup.o
 .bss.DeviceDataPrv__DEFAULT_RTOS_ALLOC
                0x20000124       0x28 ./Generated_Code/ASerialLdd1.o
 .bss.DeviceDataPrv__DEFAULT_RTOS_ALLOC
                0x2000014c       0x10 ./Generated_Code/FTM.o
 .bss.DeviceDataPrv__DEFAULT_RTOS_ALLOC
                0x2000015c       0x24 ./Generated_Code/I2C.o
 .bss.DeviceDataPrv__DEFAULT_RTOS_ALLOC
                0x20000180        0x4 ./Generated_Code/LED_GREEN.o
 .bss.DeviceDataPrv__DEFAULT_RTOS_ALLOC
                0x20000184        0x4 ./Generated_Code/LED_RED.o
 .bss.SystemTimerDeviceDataPtr
                0x20000188        0x4 ./Generated_Code/MQX1.o
 .bss.PE_LDD_DeviceDataList
                0x2000018c       0x3c ./Generated_Code/PE_LDD.o
                0x2000018c                PE_LDD_DeviceDataList
 .bss.DeviceDataPrv__DEFAULT_RTOS_ALLOC
                0x200001c8        0xc ./Generated_Code/PwmLdd1.o
 .bss.DeviceDataPrv__DEFAULT_RTOS_ALLOC
                0x200001d4        0xc ./Generated_Code/PwmLdd2.o
 .bss.DeviceDataPrv__DEFAULT_RTOS_ALLOC
                0x200001e0        0xc ./Generated_Code/PwmLdd3.o
 .bss.DeviceDataPrv__DEFAULT_RTOS_ALLOC
                0x200001ec        0xc ./Generated_Code/PwmLdd4.o
 .bss.SerFlag   0x200001f8        0x2 ./Generated_Code/RC.o
 .bss.InpIndexR
                0x200001fa        0x2 ./Generated_Code/RC.o
 .bss.BufferRead
                0x200001fc        0x1 ./Generated_Code/RC.o
 *fill*         0x200001fd        0x1 
 .bss.InpIndexW
                0x200001fe        0x2 ./Generated_Code/RC.o
 .bss.RC_InpLen
                0x20000200        0x2 ./Generated_Code/RC.o
 *fill*         0x20000202        0x2 
 .bss.InpBuffer
                0x20000204      0x100 ./Generated_Code/RC.o
 .bss.DeviceDataPrv__DEFAULT_RTOS_ALLOC
                0x20000304        0xc ./Generated_Code/SystemTimer1.o
 .bss.DeviceDataPrv__DEFAULT_RTOS_ALLOC
                0x20000310       0x14 ./Generated_Code/TU1.o
 .bss.DeviceDataPrv__DEFAULT_RTOS_ALLOC
                0x20000324        0x8 ./Generated_Code/TU2.o
 .bss.DeviceDataPrv__DEFAULT_RTOS_ALLOC
                0x2000032c        0xc ./Generated_Code/TimerIntLdd1.o
 .bss.DeviceDataPrv__DEFAULT_RTOS_ALLOC
                0x20000338       0x20 ./Generated_Code/UART_A.o
 .bss.DeviceDataPrv__DEFAULT_RTOS_ALLOC
                0x20000358       0x20 ./Generated_Code/UART_B.o
 *(COMMON)
 COMMON         0x20000378        0x1 ./Static_Code/System/CPU_Init.o
                0x20000378                SR_reg
 *fill*         0x20000379        0x3 
 COMMON         0x2000037c     0x1e44 ./Sources/mqx_tasks.o
                0x2000037c                thisSV_1DOF_P_BASIC
                0x20000394                thisAccel
                0x200003e4                thisSV_3DOF_B_BASIC
                0x20000488                thisMagBuffer
                0x200013f4                thisSV_3DOF_G_BASIC
                0x20001498                thisPressure
                0x200014b4                thisSV_6DOF_GB_BASIC
                0x20001560                thisMagCal
                0x20001974                thisGyro
                0x200019b4                globals
                0x20001a2c                thisSV_9DOF_GBY_KALMAN
                0x20001f0c                thisSV_6DOF_GY_KALMAN
                0x200020e8                thisMag
                0x20002150                thisSV_3DOF_Y_BASIC
 COMMON         0x200021c0      0x144 ./Sources/user_tasks.o
                0x200021c0                sUART_A_InputBuffer
                0x200021e0                g_iHight
                0x200021e4                sUARTOutputBuffer
                0x200022e4                sUART_B_InputBuffer
 COMMON         0x20002304        0x4 ./MQXLITE/kernel/task.o
                0x20002304                _tad_task_at_flag
 COMMON         0x20002308     0x1d24 ./Generated_Code/MQX1.o
                0x20002308                RdSensData_task_stack
                0x20002994                _mqx_kernel_data_struct
                0x20002bec                mqx_interrupt_stack
                0x20002cfc                mqx_static_ready_queue
                0x20002dbc                mqx_static_isr_table
                0x20003128                mqx_idle_task_stack
                0x20003314                Fusion_task_stack
                0x200039a0                MagCal_task_stack
 COMMON         0x2000402c        0x4 ./Generated_Code/RC.o
                0x2000402c                ASerialLdd1_DeviceDataPtr
                0x20004030                . = ALIGN (0x4)
                0x20004030                __END_BSS = .
                0x20004030                PROVIDE (__bss_end__, __END_BSS)
                0x00010f34                _romp_at = ((___ROM_AT + SIZEOF (.data)) + SIZEOF (.m_data_1FFF0000))

.romp           0x20004030       0x24 load address 0x00010f34
                0x00010f34                __S_romp = _romp_at
                0x20004030        0x4 LONG 0x10ea8 ___ROM_AT
                0x20004034        0x4 LONG 0x20000000 _sdata
                0x20004038        0x4 LONG 0x8c ___data_size
                0x2000403c        0x4 LONG 0x10f34 ___m_data_1FFF0000_ROMStart
                0x20004040        0x4 LONG 0x1fff0000 ___m_data_1FFF0000_RAMStart
                0x20004044        0x4 LONG 0x0 ___m_data_1FFF0000_ROMSize
                0x20004048        0x4 LONG 0x0
                0x2000404c        0x4 LONG 0x0
                0x20004050        0x4 LONG 0x0

._user_heap_stack
                0x20004054      0x400 load address 0x00010f58
                0x20004054                . = ALIGN (0x4)
                0x20004054                PROVIDE (end, .)
                0x20004054                PROVIDE (_end, .)
                0x20004054                __heap_addr = .
                0x20004054                __HeapBase = .
                0x20004054                . = (. + __heap_size)
                0x20004054                __HeapLimit = .
                0x20004454                . = (. + __stack_size)
 *fill*         0x20004054      0x400 
                0x20004454                . = ALIGN (0x4)

.ARM.attributes
                0x00000000       0x30
 *(.ARM.attributes)
 .ARM.attributes
                0x00000000       0x22 e:/freescale/kds_3.0.0/toolchain/bin/../lib/gcc/arm-none-eabi/4.8.4/armv7e-m/fpu/crti.o
 .ARM.attributes
                0x00000022       0x34 e:/freescale/kds_3.0.0/toolchain/bin/../lib/gcc/arm-none-eabi/4.8.4/armv7e-m/fpu/crtbegin.o
 .ARM.attributes
                0x00000056       0x39 ./Static_Code/System/CPU_Init.o
 .ARM.attributes
                0x0000008f       0x39 ./Static_Code/System/Vectors.o
 .ARM.attributes
                0x000000c8       0x39 ./Sources/Events.o
 .ARM.attributes
                0x00000101       0x39 ./Sources/approximations.o
 .ARM.attributes
                0x0000013a       0x39 ./Sources/dj6.o
 .ARM.attributes
                0x00000173       0x39 ./Sources/drivers.o
 .ARM.attributes
                0x000001ac       0x39 ./Sources/fusion.o
 .ARM.attributes
                0x000001e5       0x39 ./Sources/magnetic.o
 .ARM.attributes
                0x0000021e       0x39 ./Sources/main.o
 .ARM.attributes
                0x00000257       0x39 ./Sources/matrix.o
 .ARM.attributes
                0x00000290       0x39 ./Sources/mqx_tasks.o
 .ARM.attributes
                0x000002c9       0x39 ./Sources/orientation.o
 .ARM.attributes
                0x00000302       0x39 ./Sources/user_tasks.o
 .ARM.attributes
                0x0000033b       0x39 ./Project_Settings/Startup_Code/startup.o
 .ARM.attributes
                0x00000374       0x25 ./MQXLITE/psp/cortex_m/core/M4/boot.o
 .ARM.attributes
                0x00000399       0x25 ./MQXLITE/psp/cortex_m/core/M4/dispatch.o
 .ARM.attributes
                0x000003be       0x39 ./MQXLITE/psp/cortex_m/int_inst.o
 .ARM.attributes
                0x000003f7       0x39 ./MQXLITE/psp/cortex_m/int_vtab.o
 .ARM.attributes
                0x00000430       0x39 ./MQXLITE/psp/cortex_m/mem_zero.o
 .ARM.attributes
                0x00000469       0x39 ./MQXLITE/psp/cortex_m/psp_iinit.o
 .ARM.attributes
                0x000004a2       0x39 ./MQXLITE/psp/cortex_m/psp_tiad.o
 .ARM.attributes
                0x000004db       0x39 ./MQXLITE/psp/cortex_m/psp_tinm.o
 .ARM.attributes
                0x00000514       0x39 ./MQXLITE/psp/cortex_m/sc_irdyq.o
 .ARM.attributes
                0x0000054d       0x39 ./MQXLITE/psp/cortex_m/stack_bu.o
 .ARM.attributes
                0x00000586       0x39 ./MQXLITE/psp/cortex_m/stack_de.o
 .ARM.attributes
                0x000005bf       0x39 ./MQXLITE/kernel/idletask.o
 .ARM.attributes
                0x000005f8       0x39 ./MQXLITE/kernel/int.o
 .ARM.attributes
                0x00000631       0x39 ./MQXLITE/kernel/klog.o
 .ARM.attributes
                0x0000066a       0x39 ./MQXLITE/kernel/lwevent.o
 .ARM.attributes
                0x000006a3       0x39 ./MQXLITE/kernel/lwlog.o
 .ARM.attributes
                0x000006dc       0x39 ./MQXLITE/kernel/lwsem.o
 .ARM.attributes
                0x00000715       0x39 ./MQXLITE/kernel/mqx_utils.o
 .ARM.attributes
                0x0000074e       0x39 ./MQXLITE/kernel/mqxlite.o
 .ARM.attributes
                0x00000787       0x39 ./MQXLITE/kernel/task.o
 .ARM.attributes
                0x000007c0       0x39 ./MQXLITE/kernel/time_ticks.o
 .ARM.attributes
                0x000007f9       0x39 ./MQXLITE/config/task_template_list.o
 .ARM.attributes
                0x00000832       0x39 ./Generated_Code/ASerialLdd1.o
 .ARM.attributes
                0x0000086b       0x39 ./Generated_Code/Cpu.o
 .ARM.attributes
                0x000008a4       0x39 ./Generated_Code/FTM.o
 .ARM.attributes
                0x000008dd       0x39 ./Generated_Code/I2C.o
 .ARM.attributes
                0x00000916       0x39 ./Generated_Code/LED_GREEN.o
 .ARM.attributes
                0x0000094f       0x39 ./Generated_Code/LED_RED.o
 .ARM.attributes
                0x00000988       0x39 ./Generated_Code/MQX1.o
 .ARM.attributes
                0x000009c1       0x39 ./Generated_Code/PE_LDD.o
 .ARM.attributes
                0x000009fa       0x39 ./Generated_Code/PwmLdd1.o
 .ARM.attributes
                0x00000a33       0x39 ./Generated_Code/PwmLdd2.o
 .ARM.attributes
                0x00000a6c       0x39 ./Generated_Code/PwmLdd3.o
 .ARM.attributes
                0x00000aa5       0x39 ./Generated_Code/PwmLdd4.o
 .ARM.attributes
                0x00000ade       0x39 ./Generated_Code/RC.o
 .ARM.attributes
                0x00000b17       0x39 ./Generated_Code/SystemTimer1.o
 .ARM.attributes
                0x00000b50       0x39 ./Generated_Code/TI1.o
 .ARM.attributes
                0x00000b89       0x39 ./Generated_Code/TU1.o
 .ARM.attributes
                0x00000bc2       0x39 ./Generated_Code/TU2.o
 .ARM.attributes
                0x00000bfb       0x39 ./Generated_Code/TimerIntLdd1.o
 .ARM.attributes
                0x00000c34       0x39 ./Generated_Code/UART_A.o
 .ARM.attributes
                0x00000c6d       0x39 ./Generated_Code/UART_B.o
 .ARM.attributes
                0x00000ca6       0x34 e:/freescale/kds_3.0.0/toolchain/bin/../lib/gcc/arm-none-eabi/4.8.4/../../../../arm-none-eabi/lib/armv7e-m/fpu\libm.a(lib_a-sf_sin.o)
 .ARM.attributes
                0x00000cda       0x34 e:/freescale/kds_3.0.0/toolchain/bin/../lib/gcc/arm-none-eabi/4.8.4/../../../../arm-none-eabi/lib/armv7e-m/fpu\libm.a(lib_a-w_sqrt.o)
 .ARM.attributes
                0x00000d0e       0x34 e:/freescale/kds_3.0.0/toolchain/bin/../lib/gcc/arm-none-eabi/4.8.4/../../../../arm-none-eabi/lib/armv7e-m/fpu\libm.a(lib_a-wf_acos.o)
 .ARM.attributes
                0x00000d42       0x34 e:/freescale/kds_3.0.0/toolchain/bin/../lib/gcc/arm-none-eabi/4.8.4/../../../../arm-none-eabi/lib/armv7e-m/fpu\libm.a(lib_a-wf_pow.o)
 .ARM.attributes
                0x00000d76       0x34 e:/freescale/kds_3.0.0/toolchain/bin/../lib/gcc/arm-none-eabi/4.8.4/../../../../arm-none-eabi/lib/armv7e-m/fpu\libm.a(lib_a-wf_sqrt.o)
 .ARM.attributes
                0x00000daa       0x34 e:/freescale/kds_3.0.0/toolchain/bin/../lib/gcc/arm-none-eabi/4.8.4/../../../../arm-none-eabi/lib/armv7e-m/fpu\libm.a(lib_a-e_sqrt.o)
 .ARM.attributes
                0x00000dde       0x34 e:/freescale/kds_3.0.0/toolchain/bin/../lib/gcc/arm-none-eabi/4.8.4/../../../../arm-none-eabi/lib/armv7e-m/fpu\libm.a(lib_a-ef_acos.o)
 .ARM.attributes
                0x00000e12       0x34 e:/freescale/kds_3.0.0/toolchain/bin/../lib/gcc/arm-none-eabi/4.8.4/../../../../arm-none-eabi/lib/armv7e-m/fpu\libm.a(lib_a-ef_pow.o)
 .ARM.attributes
                0x00000e46       0x34 e:/freescale/kds_3.0.0/toolchain/bin/../lib/gcc/arm-none-eabi/4.8.4/../../../../arm-none-eabi/lib/armv7e-m/fpu\libm.a(lib_a-ef_rem_pio2.o)
 .ARM.attributes
                0x00000e7a       0x34 e:/freescale/kds_3.0.0/toolchain/bin/../lib/gcc/arm-none-eabi/4.8.4/../../../../arm-none-eabi/lib/armv7e-m/fpu\libm.a(lib_a-ef_sqrt.o)
 .ARM.attributes
                0x00000eae       0x34 e:/freescale/kds_3.0.0/toolchain/bin/../lib/gcc/arm-none-eabi/4.8.4/../../../../arm-none-eabi/lib/armv7e-m/fpu\libm.a(lib_a-kf_cos.o)
 .ARM.attributes
                0x00000ee2       0x34 e:/freescale/kds_3.0.0/toolchain/bin/../lib/gcc/arm-none-eabi/4.8.4/../../../../arm-none-eabi/lib/armv7e-m/fpu\libm.a(lib_a-kf_rem_pio2.o)
 .ARM.attributes
                0x00000f16       0x34 e:/freescale/kds_3.0.0/toolchain/bin/../lib/gcc/arm-none-eabi/4.8.4/../../../../arm-none-eabi/lib/armv7e-m/fpu\libm.a(lib_a-kf_sin.o)
 .ARM.attributes
                0x00000f4a       0x34 e:/freescale/kds_3.0.0/toolchain/bin/../lib/gcc/arm-none-eabi/4.8.4/../../../../arm-none-eabi/lib/armv7e-m/fpu\libm.a(lib_a-s_fpclassify.o)
 .ARM.attributes
                0x00000f7e       0x34 e:/freescale/kds_3.0.0/toolchain/bin/../lib/gcc/arm-none-eabi/4.8.4/../../../../arm-none-eabi/lib/armv7e-m/fpu\libm.a(lib_a-s_lib_ver.o)
 .ARM.attributes
                0x00000fb2       0x34 e:/freescale/kds_3.0.0/toolchain/bin/../lib/gcc/arm-none-eabi/4.8.4/../../../../arm-none-eabi/lib/armv7e-m/fpu\libm.a(lib_a-s_matherr.o)
 .ARM.attributes
                0x00000fe6       0x34 e:/freescale/kds_3.0.0/toolchain/bin/../lib/gcc/arm-none-eabi/4.8.4/../../../../arm-none-eabi/lib/armv7e-m/fpu\libm.a(lib_a-s_nan.o)
 .ARM.attributes
                0x0000101a       0x34 e:/freescale/kds_3.0.0/toolchain/bin/../lib/gcc/arm-none-eabi/4.8.4/../../../../arm-none-eabi/lib/armv7e-m/fpu\libm.a(lib_a-s_rint.o)
 .ARM.attributes
                0x0000104e       0x34 e:/freescale/kds_3.0.0/toolchain/bin/../lib/gcc/arm-none-eabi/4.8.4/../../../../arm-none-eabi/lib/armv7e-m/fpu\libm.a(lib_a-sf_fabs.o)
 .ARM.attributes
                0x00001082       0x34 e:/freescale/kds_3.0.0/toolchain/bin/../lib/gcc/arm-none-eabi/4.8.4/../../../../arm-none-eabi/lib/armv7e-m/fpu\libm.a(lib_a-sf_finite.o)
 .ARM.attributes
                0x000010b6       0x34 e:/freescale/kds_3.0.0/toolchain/bin/../lib/gcc/arm-none-eabi/4.8.4/../../../../arm-none-eabi/lib/armv7e-m/fpu\libm.a(lib_a-sf_floor.o)
 .ARM.attributes
                0x000010ea       0x34 e:/freescale/kds_3.0.0/toolchain/bin/../lib/gcc/arm-none-eabi/4.8.4/../../../../arm-none-eabi/lib/armv7e-m/fpu\libm.a(lib_a-sf_fpclassify.o)
 .ARM.attributes
                0x0000111e       0x34 e:/freescale/kds_3.0.0/toolchain/bin/../lib/gcc/arm-none-eabi/4.8.4/../../../../arm-none-eabi/lib/armv7e-m/fpu\libm.a(lib_a-sf_nan.o)
 .ARM.attributes
                0x00001152       0x34 e:/freescale/kds_3.0.0/toolchain/bin/../lib/gcc/arm-none-eabi/4.8.4/../../../../arm-none-eabi/lib/armv7e-m/fpu\libm.a(lib_a-sf_scalbn.o)
 .ARM.attributes
                0x00001186       0x34 e:/freescale/kds_3.0.0/toolchain/bin/../lib/gcc/arm-none-eabi/4.8.4/../../../../arm-none-eabi/lib/armv7e-m/fpu\libm.a(lib_a-sf_copysign.o)
 .ARM.attributes
                0x000011ba       0x22 e:/freescale/kds_3.0.0/toolchain/bin/../lib/gcc/arm-none-eabi/4.8.4/armv7e-m/fpu\libgcc.a(_arm_addsubdf3.o)
 .ARM.attributes
                0x000011dc       0x22 e:/freescale/kds_3.0.0/toolchain/bin/../lib/gcc/arm-none-eabi/4.8.4/armv7e-m/fpu\libgcc.a(_arm_muldivdf3.o)
 .ARM.attributes
                0x000011fe       0x22 e:/freescale/kds_3.0.0/toolchain/bin/../lib/gcc/arm-none-eabi/4.8.4/armv7e-m/fpu\libgcc.a(_arm_cmpdf2.o)
 .ARM.attributes
                0x00001220       0x22 e:/freescale/kds_3.0.0/toolchain/bin/../lib/gcc/arm-none-eabi/4.8.4/armv7e-m/fpu\libgcc.a(_arm_fixdfsi.o)
 .ARM.attributes
                0x00001242       0x22 e:/freescale/kds_3.0.0/toolchain/bin/../lib/gcc/arm-none-eabi/4.8.4/armv7e-m/fpu\libgcc.a(_arm_truncdfsf2.o)
 .ARM.attributes
                0x00001264       0x34 e:/freescale/kds_3.0.0/toolchain/bin/../lib/gcc/arm-none-eabi/4.8.4/../../../../arm-none-eabi/lib/armv7e-m/fpu\libg_s.a(lib_a-errno.o)
 .ARM.attributes
                0x00001298       0x34 e:/freescale/kds_3.0.0/toolchain/bin/../lib/gcc/arm-none-eabi/4.8.4/../../../../arm-none-eabi/lib/armv7e-m/fpu\libg_s.a(lib_a-impure.o)
 .ARM.attributes
                0x000012cc       0x34 e:/freescale/kds_3.0.0/toolchain/bin/../lib/gcc/arm-none-eabi/4.8.4/../../../../arm-none-eabi/lib/armv7e-m/fpu\libg_s.a(lib_a-memmove.o)
 .ARM.attributes
                0x00001300       0x34 e:/freescale/kds_3.0.0/toolchain/bin/../lib/gcc/arm-none-eabi/4.8.4/../../../../arm-none-eabi/lib/armv7e-m/fpu\libg_s.a(lib_a-memset.o)
 .ARM.attributes
                0x00001334       0x34 e:/freescale/kds_3.0.0/toolchain/bin/../lib/gcc/arm-none-eabi/4.8.4/../../../../arm-none-eabi/lib/armv7e-m/fpu\libg_s.a(lib_a-findfp.o)
 .ARM.attributes
                0x00001368       0x22 e:/freescale/kds_3.0.0/toolchain/bin/../lib/gcc/arm-none-eabi/4.8.4/armv7e-m/fpu/crtn.o
OUTPUT(FSFK_K64F.elf elf32-littlearm)

.debug_info     0x00000000    0x2da35
 .debug_info    0x00000000     0x1052 ./Static_Code/System/CPU_Init.o
 .debug_info    0x00001052      0xab8 ./Static_Code/System/Vectors.o
 .debug_info    0x00001b0a      0xca5 ./Sources/Events.o
 .debug_info    0x000027af      0x4cd ./Sources/approximations.o
 .debug_info    0x00002c7c      0x155 ./Sources/dj6.o
 .debug_info    0x00002dd1     0x4d1f ./Sources/drivers.o
 .debug_info    0x00007af0     0x20fc ./Sources/fusion.o
 .debug_info    0x00009bec      0xdc2 ./Sources/magnetic.o
 .debug_info    0x0000a9ae      0x48a ./Sources/main.o
 .debug_info    0x0000ae38      0x832 ./Sources/matrix.o
 .debug_info    0x0000b66a     0x1a4d ./Sources/mqx_tasks.o
 .debug_info    0x0000d0b7     0x175e ./Sources/orientation.o
 .debug_info    0x0000e815      0xc29 ./Sources/user_tasks.o
 .debug_info    0x0000f43e      0x439 ./Project_Settings/Startup_Code/startup.o
 .debug_info    0x0000f877       0x76 ./MQXLITE/psp/cortex_m/core/M4/boot.o
 .debug_info    0x0000f8ed       0x7a ./MQXLITE/psp/cortex_m/core/M4/dispatch.o
 .debug_info    0x0000f967      0x9d9 ./MQXLITE/psp/cortex_m/int_inst.o
 .debug_info    0x00010340      0x339 ./MQXLITE/psp/cortex_m/int_vtab.o
 .debug_info    0x00010679      0x14a ./MQXLITE/psp/cortex_m/mem_zero.o
 .debug_info    0x000107c3      0x12d ./MQXLITE/psp/cortex_m/psp_iinit.o
 .debug_info    0x000108f0      0xa60 ./MQXLITE/psp/cortex_m/psp_tiad.o
 .debug_info    0x00011350      0xa56 ./MQXLITE/psp/cortex_m/psp_tinm.o
 .debug_info    0x00011da6      0xbff ./MQXLITE/psp/cortex_m/sc_irdyq.o
 .debug_info    0x000129a5      0x77c ./MQXLITE/psp/cortex_m/stack_bu.o
 .debug_info    0x00013121      0x404 ./MQXLITE/psp/cortex_m/stack_de.o
 .debug_info    0x00013525      0x9d3 ./MQXLITE/kernel/idletask.o
 .debug_info    0x00013ef8     0x137b ./MQXLITE/kernel/int.o
 .debug_info    0x00015273     0x1768 ./MQXLITE/kernel/klog.o
 .debug_info    0x000169db     0x1df6 ./MQXLITE/kernel/lwevent.o
 .debug_info    0x000187d1     0x1854 ./MQXLITE/kernel/lwlog.o
 .debug_info    0x0001a025     0x1c68 ./MQXLITE/kernel/lwsem.o
 .debug_info    0x0001bc8d      0xc5a ./MQXLITE/kernel/mqx_utils.o
 .debug_info    0x0001c8e7     0x11ee ./MQXLITE/kernel/mqxlite.o
 .debug_info    0x0001dad5     0x4a84 ./MQXLITE/kernel/task.o
 .debug_info    0x00022559     0x1769 ./MQXLITE/kernel/time_ticks.o
 .debug_info    0x00023cc2      0x407 ./MQXLITE/config/task_template_list.o
 .debug_info    0x000240c9      0xb9c ./Generated_Code/ASerialLdd1.o
 .debug_info    0x00024c65      0x47a ./Generated_Code/Cpu.o
 .debug_info    0x000250df      0x94d ./Generated_Code/FTM.o
 .debug_info    0x00025a2c      0xdf9 ./Generated_Code/I2C.o
 .debug_info    0x00026825      0x547 ./Generated_Code/LED_GREEN.o
 .debug_info    0x00026d6c      0x547 ./Generated_Code/LED_RED.o
 .debug_info    0x000272b3     0x1126 ./Generated_Code/MQX1.o
 .debug_info    0x000283d9      0x53d ./Generated_Code/PE_LDD.o
 .debug_info    0x00028916      0x484 ./Generated_Code/PwmLdd1.o
 .debug_info    0x00028d9a      0x484 ./Generated_Code/PwmLdd2.o
 .debug_info    0x0002921e      0x484 ./Generated_Code/PwmLdd3.o
 .debug_info    0x000296a2      0x484 ./Generated_Code/PwmLdd4.o
 .debug_info    0x00029b26      0x862 ./Generated_Code/RC.o
 .debug_info    0x0002a388      0x8cc ./Generated_Code/SystemTimer1.o
 .debug_info    0x0002ac54       0xca ./Generated_Code/TI1.o
 .debug_info    0x0002ad1e      0x7a4 ./Generated_Code/TU1.o
 .debug_info    0x0002b4c2      0x77e ./Generated_Code/TU2.o
 .debug_info    0x0002bc40      0x1cf ./Generated_Code/TimerIntLdd1.o
 .debug_info    0x0002be0f      0xe13 ./Generated_Code/UART_A.o
 .debug_info    0x0002cc22      0xe13 ./Generated_Code/UART_B.o

.debug_abbrev   0x00000000     0x6fb0
 .debug_abbrev  0x00000000      0x26c ./Static_Code/System/CPU_Init.o
 .debug_abbrev  0x0000026c       0xe9 ./Static_Code/System/Vectors.o
 .debug_abbrev  0x00000355      0x2a1 ./Sources/Events.o
 .debug_abbrev  0x000005f6      0x101 ./Sources/approximations.o
 .debug_abbrev  0x000006f7       0xa5 ./Sources/dj6.o
 .debug_abbrev  0x0000079c      0x3c1 ./Sources/drivers.o
 .debug_abbrev  0x00000b5d      0x2e5 ./Sources/fusion.o
 .debug_abbrev  0x00000e42      0x28e ./Sources/magnetic.o
 .debug_abbrev  0x000010d0       0xf7 ./Sources/main.o
 .debug_abbrev  0x000011c7      0x232 ./Sources/matrix.o
 .debug_abbrev  0x000013f9      0x29e ./Sources/mqx_tasks.o
 .debug_abbrev  0x00001697      0x2c8 ./Sources/orientation.o
 .debug_abbrev  0x0000195f      0x24a ./Sources/user_tasks.o
 .debug_abbrev  0x00001ba9      0x1dc ./Project_Settings/Startup_Code/startup.o
 .debug_abbrev  0x00001d85       0x14 ./MQXLITE/psp/cortex_m/core/M4/boot.o
 .debug_abbrev  0x00001d99       0x14 ./MQXLITE/psp/cortex_m/core/M4/dispatch.o
 .debug_abbrev  0x00001dad      0x14a ./MQXLITE/psp/cortex_m/int_inst.o
 .debug_abbrev  0x00001ef7      0x11d ./MQXLITE/psp/cortex_m/int_vtab.o
 .debug_abbrev  0x00002014       0x7d ./MQXLITE/psp/cortex_m/mem_zero.o
 .debug_abbrev  0x00002091       0xc2 ./MQXLITE/psp/cortex_m/psp_iinit.o
 .debug_abbrev  0x00002153      0x149 ./MQXLITE/psp/cortex_m/psp_tiad.o
 .debug_abbrev  0x0000229c      0x152 ./MQXLITE/psp/cortex_m/psp_tinm.o
 .debug_abbrev  0x000023ee      0x1a9 ./MQXLITE/psp/cortex_m/sc_irdyq.o
 .debug_abbrev  0x00002597      0x1dd ./MQXLITE/psp/cortex_m/stack_bu.o
 .debug_abbrev  0x00002774       0xd9 ./MQXLITE/psp/cortex_m/stack_de.o
 .debug_abbrev  0x0000284d      0x141 ./MQXLITE/kernel/idletask.o
 .debug_abbrev  0x0000298e      0x2d3 ./MQXLITE/kernel/int.o
 .debug_abbrev  0x00002c61      0x35d ./MQXLITE/kernel/klog.o
 .debug_abbrev  0x00002fbe      0x30b ./MQXLITE/kernel/lwevent.o
 .debug_abbrev  0x000032c9      0x33a ./MQXLITE/kernel/lwlog.o
 .debug_abbrev  0x00003603      0x2fd ./MQXLITE/kernel/lwsem.o
 .debug_abbrev  0x00003900      0x244 ./MQXLITE/kernel/mqx_utils.o
 .debug_abbrev  0x00003b44      0x29e ./MQXLITE/kernel/mqxlite.o
 .debug_abbrev  0x00003de2      0x459 ./MQXLITE/kernel/task.o
 .debug_abbrev  0x0000423b      0x3a3 ./MQXLITE/kernel/time_ticks.o
 .debug_abbrev  0x000045de       0xb7 ./MQXLITE/config/task_template_list.o
 .debug_abbrev  0x00004695      0x2b9 ./Generated_Code/ASerialLdd1.o
 .debug_abbrev  0x0000494e      0x11c ./Generated_Code/Cpu.o
 .debug_abbrev  0x00004a6a      0x291 ./Generated_Code/FTM.o
 .debug_abbrev  0x00004cfb      0x262 ./Generated_Code/I2C.o
 .debug_abbrev  0x00004f5d      0x1a1 ./Generated_Code/LED_GREEN.o
 .debug_abbrev  0x000050fe      0x1a1 ./Generated_Code/LED_RED.o
 .debug_abbrev  0x0000529f      0x2e2 ./Generated_Code/MQX1.o
 .debug_abbrev  0x00005581      0x165 ./Generated_Code/PE_LDD.o
 .debug_abbrev  0x000056e6      0x1f3 ./Generated_Code/PwmLdd1.o
 .debug_abbrev  0x000058d9      0x1f3 ./Generated_Code/PwmLdd2.o
 .debug_abbrev  0x00005acc      0x1f3 ./Generated_Code/PwmLdd3.o
 .debug_abbrev  0x00005cbf      0x1f3 ./Generated_Code/PwmLdd4.o
 .debug_abbrev  0x00005eb2      0x2c2 ./Generated_Code/RC.o
 .debug_abbrev  0x00006174      0x28b ./Generated_Code/SystemTimer1.o
 .debug_abbrev  0x000063ff       0x86 ./Generated_Code/TI1.o
 .debug_abbrev  0x00006485      0x241 ./Generated_Code/TU1.o
 .debug_abbrev  0x000066c6      0x1ba ./Generated_Code/TU2.o
 .debug_abbrev  0x00006880      0x140 ./Generated_Code/TimerIntLdd1.o
 .debug_abbrev  0x000069c0      0x2f8 ./Generated_Code/UART_A.o
 .debug_abbrev  0x00006cb8      0x2f8 ./Generated_Code/UART_B.o

.debug_loc      0x00000000    0x20e84
 .debug_loc     0x00000000      0xabd ./Static_Code/System/CPU_Init.o
 .debug_loc     0x00000abd      0x31b ./Sources/Events.o
 .debug_loc     0x00000dd8     0x15bd ./Sources/approximations.o
 .debug_loc     0x00002395       0x86 ./Sources/dj6.o
 .debug_loc     0x0000241b     0x6121 ./Sources/drivers.o
 .debug_loc     0x0000853c     0x1f36 ./Sources/fusion.o
 .debug_loc     0x0000a472     0x1e0b ./Sources/magnetic.o
 .debug_loc     0x0000c27d     0x136c ./Sources/matrix.o
 .debug_loc     0x0000d5e9      0x4cc ./Sources/mqx_tasks.o
 .debug_loc     0x0000dab5     0x3128 ./Sources/orientation.o
 .debug_loc     0x00010bdd       0x78 ./Sources/user_tasks.o
 .debug_loc     0x00010c55      0x191 ./Project_Settings/Startup_Code/startup.o
 .debug_loc     0x00010de6       0x1f ./MQXLITE/psp/cortex_m/int_inst.o
 .debug_loc     0x00010e05       0x1f ./MQXLITE/psp/cortex_m/int_vtab.o
 .debug_loc     0x00010e24      0x239 ./MQXLITE/psp/cortex_m/mem_zero.o
 .debug_loc     0x0001105d       0x55 ./MQXLITE/psp/cortex_m/psp_iinit.o
 .debug_loc     0x000110b2       0xba ./MQXLITE/psp/cortex_m/psp_tiad.o
 .debug_loc     0x0001116c       0x45 ./MQXLITE/psp/cortex_m/psp_tinm.o
 .debug_loc     0x000111b1      0x18c ./MQXLITE/psp/cortex_m/sc_irdyq.o
 .debug_loc     0x0001133d      0x19d ./MQXLITE/psp/cortex_m/stack_bu.o
 .debug_loc     0x000114da      0x93b ./MQXLITE/kernel/int.o
 .debug_loc     0x00011e15     0x2c23 ./MQXLITE/kernel/klog.o
 .debug_loc     0x00014a38     0x154e ./MQXLITE/kernel/lwevent.o
 .debug_loc     0x00015f86     0x1321 ./MQXLITE/kernel/lwlog.o
 .debug_loc     0x000172a7      0xd24 ./MQXLITE/kernel/lwsem.o
 .debug_loc     0x00017fcb      0x167 ./MQXLITE/kernel/mqx_utils.o
 .debug_loc     0x00018132      0x19f ./MQXLITE/kernel/mqxlite.o
 .debug_loc     0x000182d1     0x54e4 ./MQXLITE/kernel/task.o
 .debug_loc     0x0001d7b5      0xbff ./MQXLITE/kernel/time_ticks.o
 .debug_loc     0x0001e3b4      0x443 ./Generated_Code/ASerialLdd1.o
 .debug_loc     0x0001e7f7      0x1bd ./Generated_Code/FTM.o
 .debug_loc     0x0001e9b4      0x5f9 ./Generated_Code/I2C.o
 .debug_loc     0x0001efad       0x6a ./Generated_Code/LED_GREEN.o
 .debug_loc     0x0001f017       0x6a ./Generated_Code/LED_RED.o
 .debug_loc     0x0001f081      0x160 ./Generated_Code/MQX1.o
 .debug_loc     0x0001f1e1      0x104 ./Generated_Code/PE_LDD.o
 .debug_loc     0x0001f2e5      0x2d4 ./Generated_Code/PwmLdd1.o
 .debug_loc     0x0001f5b9      0x2d4 ./Generated_Code/PwmLdd2.o
 .debug_loc     0x0001f88d      0x2d4 ./Generated_Code/PwmLdd3.o
 .debug_loc     0x0001fb61      0x2d4 ./Generated_Code/PwmLdd4.o
 .debug_loc     0x0001fe35      0x457 ./Generated_Code/RC.o
 .debug_loc     0x0002028c      0x179 ./Generated_Code/SystemTimer1.o
 .debug_loc     0x00020405       0x21 ./Generated_Code/TI1.o
 .debug_loc     0x00020426      0x11c ./Generated_Code/TU1.o
 .debug_loc     0x00020542      0x2ff ./Generated_Code/TU2.o
 .debug_loc     0x00020841       0x51 ./Generated_Code/TimerIntLdd1.o
 .debug_loc     0x00020892      0x2f9 ./Generated_Code/UART_A.o
 .debug_loc     0x00020b8b      0x2f9 ./Generated_Code/UART_B.o

.debug_aranges  0x00000000     0x1468
 .debug_aranges
                0x00000000       0x40 ./Static_Code/System/CPU_Init.o
 .debug_aranges
                0x00000040      0x340 ./Static_Code/System/Vectors.o
 .debug_aranges
                0x00000380       0xa0 ./Sources/Events.o
 .debug_aranges
                0x00000420       0x40 ./Sources/approximations.o
 .debug_aranges
                0x00000460       0x20 ./Sources/dj6.o
 .debug_aranges
                0x00000480       0xc8 ./Sources/drivers.o
 .debug_aranges
                0x00000548       0x90 ./Sources/fusion.o
 .debug_aranges
                0x000005d8       0x50 ./Sources/magnetic.o
 .debug_aranges
                0x00000628       0x20 ./Sources/main.o
 .debug_aranges
                0x00000648       0x70 ./Sources/matrix.o
 .debug_aranges
                0x000006b8       0x30 ./Sources/mqx_tasks.o
 .debug_aranges
                0x000006e8       0xe8 ./Sources/orientation.o
 .debug_aranges
                0x000007d0       0x40 ./Sources/user_tasks.o
 .debug_aranges
                0x00000810       0x58 ./Project_Settings/Startup_Code/startup.o
 .debug_aranges
                0x00000868       0x20 ./MQXLITE/psp/cortex_m/core/M4/boot.o
 .debug_aranges
                0x00000888       0x20 ./MQXLITE/psp/cortex_m/core/M4/dispatch.o
 .debug_aranges
                0x000008a8       0x20 ./MQXLITE/psp/cortex_m/int_inst.o
 .debug_aranges
                0x000008c8       0x28 ./MQXLITE/psp/cortex_m/int_vtab.o
 .debug_aranges
                0x000008f0       0x20 ./MQXLITE/psp/cortex_m/mem_zero.o
 .debug_aranges
                0x00000910       0x20 ./MQXLITE/psp/cortex_m/psp_iinit.o
 .debug_aranges
                0x00000930       0x20 ./MQXLITE/psp/cortex_m/psp_tiad.o
 .debug_aranges
                0x00000950       0x20 ./MQXLITE/psp/cortex_m/psp_tinm.o
 .debug_aranges
                0x00000970       0x28 ./MQXLITE/psp/cortex_m/sc_irdyq.o
 .debug_aranges
                0x00000998       0x28 ./MQXLITE/psp/cortex_m/stack_bu.o
 .debug_aranges
                0x000009c0       0x20 ./MQXLITE/psp/cortex_m/stack_de.o
 .debug_aranges
                0x000009e0       0x20 ./MQXLITE/kernel/idletask.o
 .debug_aranges
                0x00000a00       0x90 ./MQXLITE/kernel/int.o
 .debug_aranges
                0x00000a90       0xb0 ./MQXLITE/kernel/klog.o
 .debug_aranges
                0x00000b40       0x80 ./MQXLITE/kernel/lwevent.o
 .debug_aranges
                0x00000bc0       0x78 ./MQXLITE/kernel/lwlog.o
 .debug_aranges
                0x00000c38       0x80 ./MQXLITE/kernel/lwsem.o
 .debug_aranges
                0x00000cb8       0x60 ./MQXLITE/kernel/mqx_utils.o
 .debug_aranges
                0x00000d18       0x30 ./MQXLITE/kernel/mqxlite.o
 .debug_aranges
                0x00000d48      0x158 ./MQXLITE/kernel/task.o
 .debug_aranges
                0x00000ea0       0xb8 ./MQXLITE/kernel/time_ticks.o
 .debug_aranges
                0x00000f58       0x18 ./MQXLITE/config/task_template_list.o
 .debug_aranges
                0x00000f70       0x40 ./Generated_Code/ASerialLdd1.o
 .debug_aranges
                0x00000fb0       0x20 ./Generated_Code/Cpu.o
 .debug_aranges
                0x00000fd0       0x40 ./Generated_Code/FTM.o
 .debug_aranges
                0x00001010       0x60 ./Generated_Code/I2C.o
 .debug_aranges
                0x00001070       0x48 ./Generated_Code/LED_GREEN.o
 .debug_aranges
                0x000010b8       0x48 ./Generated_Code/LED_RED.o
 .debug_aranges
                0x00001100       0x40 ./Generated_Code/MQX1.o
 .debug_aranges
                0x00001140       0x30 ./Generated_Code/PE_LDD.o
 .debug_aranges
                0x00001170       0x38 ./Generated_Code/PwmLdd1.o
 .debug_aranges
                0x000011a8       0x38 ./Generated_Code/PwmLdd2.o
 .debug_aranges
                0x000011e0       0x38 ./Generated_Code/PwmLdd3.o
 .debug_aranges
                0x00001218       0x38 ./Generated_Code/PwmLdd4.o
 .debug_aranges
                0x00001250       0x70 ./Generated_Code/RC.o
 .debug_aranges
                0x000012c0       0x60 ./Generated_Code/SystemTimer1.o
 .debug_aranges
                0x00001320       0x20 ./Generated_Code/TI1.o
 .debug_aranges
                0x00001340       0x28 ./Generated_Code/TU1.o
 .debug_aranges
                0x00001368       0x48 ./Generated_Code/TU2.o
 .debug_aranges
                0x000013b0       0x28 ./Generated_Code/TimerIntLdd1.o
 .debug_aranges
                0x000013d8       0x48 ./Generated_Code/UART_A.o
 .debug_aranges
                0x00001420       0x48 ./Generated_Code/UART_B.o

.debug_ranges   0x00000000     0x3518
 .debug_ranges  0x00000000       0xb0 ./Static_Code/System/CPU_Init.o
 .debug_ranges  0x000000b0      0x330 ./Static_Code/System/Vectors.o
 .debug_ranges  0x000003e0       0x90 ./Sources/Events.o
 .debug_ranges  0x00000470      0x1a8 ./Sources/approximations.o
 .debug_ranges  0x00000618       0x10 ./Sources/dj6.o
 .debug_ranges  0x00000628      0xb70 ./Sources/drivers.o
 .debug_ranges  0x00001198       0x98 ./Sources/fusion.o
 .debug_ranges  0x00001230       0x60 ./Sources/magnetic.o
 .debug_ranges  0x00001290       0x10 ./Sources/main.o
 .debug_ranges  0x000012a0       0x60 ./Sources/matrix.o
 .debug_ranges  0x00001300       0x20 ./Sources/mqx_tasks.o
 .debug_ranges  0x00001320      0x230 ./Sources/orientation.o
 .debug_ranges  0x00001550       0x50 ./Sources/user_tasks.o